Archive member included to satisfy reference by file (symbol)

c:/program files (x86)/atollic/truestudio for stm32 9.0.1/armtools/bin/../lib/gcc/arm-atollic-eabi/6.3.1/../../../../arm-atollic-eabi/lib/armv7e-m/fpu\libc.a(lib_a-init.o)
                              startup\startup_stm32f411xe.o (__libc_init_array)
c:/program files (x86)/atollic/truestudio for stm32 9.0.1/armtools/bin/../lib/gcc/arm-atollic-eabi/6.3.1/../../../../arm-atollic-eabi/lib/armv7e-m/fpu\libc.a(lib_a-malloc.o)
                              Middlewares\USB_Device_Library\usbd_cdc.o (free)
c:/program files (x86)/atollic/truestudio for stm32 9.0.1/armtools/bin/../lib/gcc/arm-atollic-eabi/6.3.1/../../../../arm-atollic-eabi/lib/armv7e-m/fpu\libc.a(lib_a-mallocr.o)
                              c:/program files (x86)/atollic/truestudio for stm32 9.0.1/armtools/bin/../lib/gcc/arm-atollic-eabi/6.3.1/../../../../arm-atollic-eabi/lib/armv7e-m/fpu\libc.a(lib_a-malloc.o) (_malloc_r)
c:/program files (x86)/atollic/truestudio for stm32 9.0.1/armtools/bin/../lib/gcc/arm-atollic-eabi/6.3.1/../../../../arm-atollic-eabi/lib/armv7e-m/fpu\libc.a(lib_a-memset.o)
                              DSP_Lib\DSP_Lib\Source\FilteringFunctions\arm_biquad_cascade_df1_32x64_init_q31.o (memset)
c:/program files (x86)/atollic/truestudio for stm32 9.0.1/armtools/bin/../lib/gcc/arm-atollic-eabi/6.3.1/../../../../arm-atollic-eabi/lib/armv7e-m/fpu\libc.a(lib_a-mlock.o)
                              c:/program files (x86)/atollic/truestudio for stm32 9.0.1/armtools/bin/../lib/gcc/arm-atollic-eabi/6.3.1/../../../../arm-atollic-eabi/lib/armv7e-m/fpu\libc.a(lib_a-mallocr.o) (__malloc_lock)
c:/program files (x86)/atollic/truestudio for stm32 9.0.1/armtools/bin/../lib/gcc/arm-atollic-eabi/6.3.1/../../../../arm-atollic-eabi/lib/armv7e-m/fpu\libc.a(lib_a-sbrkr.o)
                              c:/program files (x86)/atollic/truestudio for stm32 9.0.1/armtools/bin/../lib/gcc/arm-atollic-eabi/6.3.1/../../../../arm-atollic-eabi/lib/armv7e-m/fpu\libc.a(lib_a-mallocr.o) (_sbrk_r)
c:/program files (x86)/atollic/truestudio for stm32 9.0.1/armtools/bin/../lib/gcc/arm-atollic-eabi/6.3.1/../../../../arm-atollic-eabi/lib/armv7e-m/fpu\libc.a(lib_a-sprintf.o)
                              Src\main.o (sprintf)
c:/program files (x86)/atollic/truestudio for stm32 9.0.1/armtools/bin/../lib/gcc/arm-atollic-eabi/6.3.1/../../../../arm-atollic-eabi/lib/armv7e-m/fpu\libc.a(lib_a-strlen.o)
                              Src\main.o (strlen)
c:/program files (x86)/atollic/truestudio for stm32 9.0.1/armtools/bin/../lib/gcc/arm-atollic-eabi/6.3.1/../../../../arm-atollic-eabi/lib/armv7e-m/fpu\libc.a(lib_a-svfprintf.o)
                              c:/program files (x86)/atollic/truestudio for stm32 9.0.1/armtools/bin/../lib/gcc/arm-atollic-eabi/6.3.1/../../../../arm-atollic-eabi/lib/armv7e-m/fpu\libc.a(lib_a-sprintf.o) (_svfprintf_r)
c:/program files (x86)/atollic/truestudio for stm32 9.0.1/armtools/bin/../lib/gcc/arm-atollic-eabi/6.3.1/../../../../arm-atollic-eabi/lib/armv7e-m/fpu\libc.a(lib_a-dtoa.o)
                              c:/program files (x86)/atollic/truestudio for stm32 9.0.1/armtools/bin/../lib/gcc/arm-atollic-eabi/6.3.1/../../../../arm-atollic-eabi/lib/armv7e-m/fpu\libc.a(lib_a-svfprintf.o) (_dtoa_r)
c:/program files (x86)/atollic/truestudio for stm32 9.0.1/armtools/bin/../lib/gcc/arm-atollic-eabi/6.3.1/../../../../arm-atollic-eabi/lib/armv7e-m/fpu\libc.a(lib_a-freer.o)
                              c:/program files (x86)/atollic/truestudio for stm32 9.0.1/armtools/bin/../lib/gcc/arm-atollic-eabi/6.3.1/../../../../arm-atollic-eabi/lib/armv7e-m/fpu\libc.a(lib_a-malloc.o) (_free_r)
c:/program files (x86)/atollic/truestudio for stm32 9.0.1/armtools/bin/../lib/gcc/arm-atollic-eabi/6.3.1/../../../../arm-atollic-eabi/lib/armv7e-m/fpu\libc.a(lib_a-impure.o)
                              c:/program files (x86)/atollic/truestudio for stm32 9.0.1/armtools/bin/../lib/gcc/arm-atollic-eabi/6.3.1/../../../../arm-atollic-eabi/lib/armv7e-m/fpu\libc.a(lib_a-malloc.o) (_impure_ptr)
c:/program files (x86)/atollic/truestudio for stm32 9.0.1/armtools/bin/../lib/gcc/arm-atollic-eabi/6.3.1/../../../../arm-atollic-eabi/lib/armv7e-m/fpu\libc.a(lib_a-localeconv.o)
                              c:/program files (x86)/atollic/truestudio for stm32 9.0.1/armtools/bin/../lib/gcc/arm-atollic-eabi/6.3.1/../../../../arm-atollic-eabi/lib/armv7e-m/fpu\libc.a(lib_a-svfprintf.o) (_localeconv_r)
c:/program files (x86)/atollic/truestudio for stm32 9.0.1/armtools/bin/../lib/gcc/arm-atollic-eabi/6.3.1/../../../../arm-atollic-eabi/lib/armv7e-m/fpu\libc.a(lib_a-lock.o)
                              c:/program files (x86)/atollic/truestudio for stm32 9.0.1/armtools/bin/../lib/gcc/arm-atollic-eabi/6.3.1/../../../../arm-atollic-eabi/lib/armv7e-m/fpu\libc.a(lib_a-mlock.o) (__retarget_lock_acquire_recursive)
[...]
Memory Configuration

Name             Origin             Length             Attributes
RAM              0x20000000         0x00020000         xrw
FLASH            0x08000000         0x00080000         xr
*default*        0x00000000         0xffffffff

Linker script and memory map

LOAD c:/program files (x86)/atollic/truestudio for stm32 9.0.1/armtools/bin/../lib/gcc/arm-atollic-eabi/6.3.1/armv7e-m/fpu/crti.o
LOAD c:/program files (x86)/atollic/truestudio for stm32 9.0.1/armtools/bin/../lib/gcc/arm-atollic-eabi/6.3.1/armv7e-m/fpu/crtbegin.o
LOAD DSP_Lib\DSP_Lib\Source\BasicMathFunctions\arm_abs_f32.o
LOAD DSP_Lib\DSP_Lib\Source\BasicMathFunctions\arm_abs_q15.o
LOAD DSP_Lib\DSP_Lib\Source\BasicMathFunctions\arm_abs_q31.o
LOAD DSP_Lib\DSP_Lib\Source\BasicMathFunctions\arm_abs_q7.o
LOAD DSP_Lib\DSP_Lib\Source\BasicMathFunctions\arm_add_f32.o
LOAD DSP_Lib\DSP_Lib\Source\BasicMathFunctions\arm_add_q15.o
LOAD DSP_Lib\DSP_Lib\Source\BasicMathFunctions\arm_add_q31.o
LOAD DSP_Lib\DSP_Lib\Source\BasicMathFunctions\arm_add_q7.o
LOAD DSP_Lib\DSP_Lib\Source\BasicMathFunctions\arm_dot_prod_f32.o
LOAD DSP_Lib\DSP_Lib\Source\BasicMathFunctions\arm_dot_prod_q15.o
LOAD DSP_Lib\DSP_Lib\Source\BasicMathFunctions\arm_dot_prod_q31.o
LOAD DSP_Lib\DSP_Lib\Source\BasicMathFunctions\arm_dot_prod_q7.o
LOAD DSP_Lib\DSP_Lib\Source\BasicMathFunctions\arm_mult_f32.o
LOAD DSP_Lib\DSP_Lib\Source\BasicMathFunctions\arm_mult_q15.o
LOAD DSP_Lib\DSP_Lib\Source\BasicMathFunctions\arm_mult_q31.o
LOAD DSP_Lib\DSP_Lib\Source\BasicMathFunctions\arm_mult_q7.o
LOAD DSP_Lib\DSP_Lib\Source\BasicMathFunctions\arm_negate_f32.o
LOAD DSP_Lib\DSP_Lib\Source\BasicMathFunctions\arm_negate_q15.o
LOAD DSP_Lib\DSP_Lib\Source\BasicMathFunctions\arm_negate_q31.o
LOAD DSP_Lib\DSP_Lib\Source\BasicMathFunctions\arm_negate_q7.o
LOAD DSP_Lib\DSP_Lib\Source\BasicMathFunctions\arm_offset_f32.o
LOAD DSP_Lib\DSP_Lib\Source\BasicMathFunctions\arm_offset_q15.o
LOAD DSP_Lib\DSP_Lib\Source\BasicMathFunctions\arm_offset_q31.o
LOAD DSP_Lib\DSP_Lib\Source\BasicMathFunctions\arm_offset_q7.o
LOAD DSP_Lib\DSP_Lib\Source\BasicMathFunctions\arm_scale_f32.o
LOAD DSP_Lib\DSP_Lib\Source\BasicMathFunctions\arm_scale_q15.o
LOAD DSP_Lib\DSP_Lib\Source\BasicMathFunctions\arm_scale_q31.o
LOAD DSP_Lib\DSP_Lib\Source\BasicMathFunctions\arm_scale_q7.o
LOAD DSP_Lib\DSP_Lib\Source\BasicMathFunctions\arm_shift_q15.o
LOAD DSP_Lib\DSP_Lib\Source\BasicMathFunctions\arm_shift_q31.o
LOAD DSP_Lib\DSP_Lib\Source\BasicMathFunctions\arm_shift_q7.o
LOAD DSP_Lib\DSP_Lib\Source\BasicMathFunctions\arm_sub_f32.o
LOAD DSP_Lib\DSP_Lib\Source\BasicMathFunctions\arm_sub_q15.o
LOAD DSP_Lib\DSP_Lib\Source\BasicMathFunctions\arm_sub_q31.o
LOAD DSP_Lib\DSP_Lib\Source\BasicMathFunctions\arm_sub_q7.o
LOAD DSP_Lib\DSP_Lib\Source\CommonTables\arm_common_tables.o
LOAD DSP_Lib\DSP_Lib\Source\CommonTables\arm_const_structs.o
LOAD DSP_Lib\DSP_Lib\Source\ComplexMathFunctions\arm_cmplx_conj_f32.o
LOAD DSP_Lib\DSP_Lib\Source\ComplexMathFunctions\arm_cmplx_conj_q15.o
LOAD DSP_Lib\DSP_Lib\Source\ComplexMathFunctions\arm_cmplx_conj_q31.o
LOAD DSP_Lib\DSP_Lib\Source\ComplexMathFunctions\arm_cmplx_dot_prod_f32.o
LOAD DSP_Lib\DSP_Lib\Source\ComplexMathFunctions\arm_cmplx_dot_prod_q15.o
LOAD DSP_Lib\DSP_Lib\Source\ComplexMathFunctions\arm_cmplx_dot_prod_q31.o
LOAD DSP_Lib\DSP_Lib\Source\ComplexMathFunctions\arm_cmplx_mag_f32.o
LOAD DSP_Lib\DSP_Lib\Source\ComplexMathFunctions\arm_cmplx_mag_q15.o
LOAD DSP_Lib\DSP_Lib\Source\ComplexMathFunctions\arm_cmplx_mag_q31.o
LOAD DSP_Lib\DSP_Lib\Source\ComplexMathFunctions\arm_cmplx_mag_squared_f32.o
LOAD DSP_Lib\DSP_Lib\Source\ComplexMathFunctions\arm_cmplx_mag_squared_q15.o
LOAD DSP_Lib\DSP_Lib\Source\ComplexMathFunctions\arm_cmplx_mag_squared_q31.o
LOAD DSP_Lib\DSP_Lib\Source\ComplexMathFunctions\arm_cmplx_mult_cmplx_f32.o
LOAD DSP_Lib\DSP_Lib\Source\ComplexMathFunctions\arm_cmplx_mult_cmplx_q15.o
LOAD DSP_Lib\DSP_Lib\Source\ComplexMathFunctions\arm_cmplx_mult_cmplx_q31.o
LOAD DSP_Lib\DSP_Lib\Source\ComplexMathFunctions\arm_cmplx_mult_real_f32.o
LOAD DSP_Lib\DSP_Lib\Source\ComplexMathFunctions\arm_cmplx_mult_real_q15.o
LOAD DSP_Lib\DSP_Lib\Source\ComplexMathFunctions\arm_cmplx_mult_real_q31.o
LOAD DSP_Lib\DSP_Lib\Source\ControllerFunctions\arm_pid_init_f32.o
LOAD DSP_Lib\DSP_Lib\Source\ControllerFunctions\arm_pid_init_q15.o
LOAD DSP_Lib\DSP_Lib\Source\ControllerFunctions\arm_pid_init_q31.o
LOAD DSP_Lib\DSP_Lib\Source\ControllerFunctions\arm_pid_reset_f32.o
LOAD DSP_Lib\DSP_Lib\Source\ControllerFunctions\arm_pid_reset_q15.o
LOAD DSP_Lib\DSP_Lib\Source\ControllerFunctions\arm_pid_reset_q31.o
LOAD DSP_Lib\DSP_Lib\Source\ControllerFunctions\arm_sin_cos_f32.o
LOAD DSP_Lib\DSP_Lib\Source\ControllerFunctions\arm_sin_cos_q31.o
LOAD DSP_Lib\DSP_Lib\Source\FastMathFunctions\arm_cos_f32.o
LOAD DSP_Lib\DSP_Lib\Source\FastMathFunctions\arm_cos_q15.o
LOAD DSP_Lib\DSP_Lib\Source\FastMathFunctions\arm_cos_q31.o
LOAD DSP_Lib\DSP_Lib\Source\FastMathFunctions\arm_sin_f32.o
LOAD DSP_Lib\DSP_Lib\Source\FastMathFunctions\arm_sin_q15.o
LOAD DSP_Lib\DSP_Lib\Source\FastMathFunctions\arm_sin_q31.o
LOAD DSP_Lib\DSP_Lib\Source\FastMathFunctions\arm_sqrt_q15.o
LOAD DSP_Lib\DSP_Lib\Source\FastMathFunctions\arm_sqrt_q31.o
LOAD DSP_Lib\DSP_Lib\Source\FilteringFunctions\arm_biquad_cascade_df1_32x64_init_q31.o
LOAD DSP_Lib\DSP_Lib\Source\FilteringFunctions\arm_biquad_cascade_df1_32x64_q31.o
LOAD DSP_Lib\DSP_Lib\Source\FilteringFunctions\arm_biquad_cascade_df1_f32.o
LOAD DSP_Lib\DSP_Lib\Source\FilteringFunctions\arm_biquad_cascade_df1_fast_q15.o
LOAD DSP_Lib\DSP_Lib\Source\FilteringFunctions\arm_biquad_cascade_df1_fast_q31.o
LOAD DSP_Lib\DSP_Lib\Source\FilteringFunctions\arm_biquad_cascade_df1_init_f32.o
LOAD DSP_Lib\DSP_Lib\Source\FilteringFunctions\arm_biquad_cascade_df1_init_q15.o
LOAD DSP_Lib\DSP_Lib\Source\FilteringFunctions\arm_biquad_cascade_df1_init_q31.o
LOAD DSP_Lib\DSP_Lib\Source\FilteringFunctions\arm_biquad_cascade_df1_q15.o
LOAD DSP_Lib\DSP_Lib\Source\FilteringFunctions\arm_biquad_cascade_df1_q31.o
LOAD DSP_Lib\DSP_Lib\Source\FilteringFunctions\arm_biquad_cascade_df2T_f32.o
LOAD DSP_Lib\DSP_Lib\Source\FilteringFunctions\arm_biquad_cascade_df2T_f64.o
LOAD DSP_Lib\DSP_Lib\Source\FilteringFunctions\arm_biquad_cascade_df2T_init_f32.o
LOAD DSP_Lib\DSP_Lib\Source\FilteringFunctions\arm_biquad_cascade_df2T_init_f64.o
LOAD DSP_Lib\DSP_Lib\Source\FilteringFunctions\arm_biquad_cascade_stereo_df2T_f32.o
LOAD DSP_Lib\DSP_Lib\Source\FilteringFunctions\arm_biquad_cascade_stereo_df2T_init_f32.o
LOAD DSP_Lib\DSP_Lib\Source\FilteringFunctions\arm_conv_f32.o
LOAD DSP_Lib\DSP_Lib\Source\FilteringFunctions\arm_conv_fast_opt_q15.o
LOAD DSP_Lib\DSP_Lib\Source\FilteringFunctions\arm_conv_fast_q15.o
LOAD DSP_Lib\DSP_Lib\Source\FilteringFunctions\arm_conv_fast_q31.o
LOAD DSP_Lib\DSP_Lib\Source\FilteringFunctions\arm_conv_opt_q15.o
LOAD DSP_Lib\DSP_Lib\Source\FilteringFunctions\arm_conv_opt_q7.o
LOAD DSP_Lib\DSP_Lib\Source\FilteringFunctions\arm_conv_partial_f32.o
LOAD DSP_Lib\DSP_Lib\Source\FilteringFunctions\arm_conv_partial_fast_opt_q15.o
LOAD DSP_Lib\DSP_Lib\Source\FilteringFunctions\arm_conv_partial_fast_q15.o
LOAD DSP_Lib\DSP_Lib\Source\FilteringFunctions\arm_conv_partial_fast_q31.o
LOAD DSP_Lib\DSP_Lib\Source\FilteringFunctions\arm_conv_partial_opt_q15.o
LOAD DSP_Lib\DSP_Lib\Source\FilteringFunctions\arm_conv_partial_opt_q7.o
LOAD DSP_Lib\DSP_Lib\Source\FilteringFunctions\arm_conv_partial_q15.o
LOAD DSP_Lib\DSP_Lib\Source\FilteringFunctions\arm_conv_partial_q31.o
LOAD DSP_Lib\DSP_Lib\Source\FilteringFunctions\arm_conv_partial_q7.o
LOAD DSP_Lib\DSP_Lib\Source\FilteringFunctions\arm_conv_q15.o
LOAD DSP_Lib\DSP_Lib\Source\FilteringFunctions\arm_conv_q31.o
LOAD DSP_Lib\DSP_Lib\Source\FilteringFunctions\arm_conv_q7.o
LOAD DSP_Lib\DSP_Lib\Source\FilteringFunctions\arm_correlate_f32.o
LOAD DSP_Lib\DSP_Lib\Source\FilteringFunctions\arm_correlate_fast_opt_q15.o
LOAD DSP_Lib\DSP_Lib\Source\FilteringFunctions\arm_correlate_fast_q15.o
LOAD DSP_Lib\DSP_Lib\Source\FilteringFunctions\arm_correlate_fast_q31.o
LOAD DSP_Lib\DSP_Lib\Source\FilteringFunctions\arm_correlate_opt_q15.o
LOAD DSP_Lib\DSP_Lib\Source\FilteringFunctions\arm_correlate_opt_q7.o
LOAD DSP_Lib\DSP_Lib\Source\FilteringFunctions\arm_correlate_q15.o
LOAD DSP_Lib\DSP_Lib\Source\FilteringFunctions\arm_correlate_q31.o
LOAD DSP_Lib\DSP_Lib\Source\FilteringFunctions\arm_correlate_q7.o
LOAD DSP_Lib\DSP_Lib\Source\FilteringFunctions\arm_fir_decimate_f32.o
LOAD DSP_Lib\DSP_Lib\Source\FilteringFunctions\arm_fir_decimate_fast_q15.o
LOAD DSP_Lib\DSP_Lib\Source\FilteringFunctions\arm_fir_decimate_fast_q31.o
LOAD DSP_Lib\DSP_Lib\Source\FilteringFunctions\arm_fir_decimate_init_f32.o
LOAD DSP_Lib\DSP_Lib\Source\FilteringFunctions\arm_fir_decimate_init_q15.o
LOAD DSP_Lib\DSP_Lib\Source\FilteringFunctions\arm_fir_decimate_init_q31.o
LOAD DSP_Lib\DSP_Lib\Source\FilteringFunctions\arm_fir_decimate_q15.o
LOAD DSP_Lib\DSP_Lib\Source\FilteringFunctions\arm_fir_decimate_q31.o
LOAD DSP_Lib\DSP_Lib\Source\FilteringFunctions\arm_fir_f32.o
LOAD DSP_Lib\DSP_Lib\Source\FilteringFunctions\arm_fir_fast_q15.o
LOAD DSP_Lib\DSP_Lib\Source\FilteringFunctions\arm_fir_fast_q31.o
LOAD DSP_Lib\DSP_Lib\Source\FilteringFunctions\arm_fir_init_f32.o
LOAD DSP_Lib\DSP_Lib\Source\FilteringFunctions\arm_fir_init_q15.o
LOAD DSP_Lib\DSP_Lib\Source\FilteringFunctions\arm_fir_init_q31.o
LOAD DSP_Lib\DSP_Lib\Source\FilteringFunctions\arm_fir_init_q7.o
LOAD DSP_Lib\DSP_Lib\Source\FilteringFunctions\arm_fir_interpolate_f32.o
LOAD DSP_Lib\DSP_Lib\Source\FilteringFunctions\arm_fir_interpolate_init_f32.o
LOAD DSP_Lib\DSP_Lib\Source\FilteringFunctions\arm_fir_interpolate_init_q15.o
LOAD DSP_Lib\DSP_Lib\Source\FilteringFunctions\arm_fir_interpolate_init_q31.o
LOAD DSP_Lib\DSP_Lib\Source\FilteringFunctions\arm_fir_interpolate_q15.o
LOAD DSP_Lib\DSP_Lib\Source\FilteringFunctions\arm_fir_interpolate_q31.o
LOAD DSP_Lib\DSP_Lib\Source\FilteringFunctions\arm_fir_lattice_f32.o
LOAD DSP_Lib\DSP_Lib\Source\FilteringFunctions\arm_fir_lattice_init_f32.o
LOAD DSP_Lib\DSP_Lib\Source\FilteringFunctions\arm_fir_lattice_init_q15.o
LOAD DSP_Lib\DSP_Lib\Source\FilteringFunctions\arm_fir_lattice_init_q31.o
LOAD DSP_Lib\DSP_Lib\Source\FilteringFunctions\arm_fir_lattice_q15.o
LOAD DSP_Lib\DSP_Lib\Source\FilteringFunctions\arm_fir_lattice_q31.o
LOAD DSP_Lib\DSP_Lib\Source\FilteringFunctions\arm_fir_q15.o
LOAD DSP_Lib\DSP_Lib\Source\FilteringFunctions\arm_fir_q31.o
LOAD DSP_Lib\DSP_Lib\Source\FilteringFunctions\arm_fir_q7.o
LOAD DSP_Lib\DSP_Lib\Source\FilteringFunctions\arm_fir_sparse_f32.o
LOAD DSP_Lib\DSP_Lib\Source\FilteringFunctions\arm_fir_sparse_init_f32.o
LOAD DSP_Lib\DSP_Lib\Source\FilteringFunctions\arm_fir_sparse_init_q15.o
LOAD DSP_Lib\DSP_Lib\Source\FilteringFunctions\arm_fir_sparse_init_q31.o
LOAD DSP_Lib\DSP_Lib\Source\FilteringFunctions\arm_fir_sparse_init_q7.o
LOAD DSP_Lib\DSP_Lib\Source\FilteringFunctions\arm_fir_sparse_q15.o
LOAD DSP_Lib\DSP_Lib\Source\FilteringFunctions\arm_fir_sparse_q31.o
LOAD DSP_Lib\DSP_Lib\Source\FilteringFunctions\arm_fir_sparse_q7.o
LOAD DSP_Lib\DSP_Lib\Source\FilteringFunctions\arm_iir_lattice_f32.o
LOAD DSP_Lib\DSP_Lib\Source\FilteringFunctions\arm_iir_lattice_init_f32.o
LOAD DSP_Lib\DSP_Lib\Source\FilteringFunctions\arm_iir_lattice_init_q15.o
LOAD DSP_Lib\DSP_Lib\Source\FilteringFunctions\arm_iir_lattice_init_q31.o
LOAD DSP_Lib\DSP_Lib\Source\FilteringFunctions\arm_iir_lattice_q15.o
LOAD DSP_Lib\DSP_Lib\Source\FilteringFunctions\arm_iir_lattice_q31.o
LOAD DSP_Lib\DSP_Lib\Source\FilteringFunctions\arm_lms_f32.o
LOAD DSP_Lib\DSP_Lib\Source\FilteringFunctions\arm_lms_init_f32.o
LOAD DSP_Lib\DSP_Lib\Source\FilteringFunctions\arm_lms_init_q15.o
LOAD DSP_Lib\DSP_Lib\Source\FilteringFunctions\arm_lms_init_q31.o
LOAD DSP_Lib\DSP_Lib\Source\FilteringFunctions\arm_lms_norm_f32.o
LOAD DSP_Lib\DSP_Lib\Source\FilteringFunctions\arm_lms_norm_init_f32.o
LOAD DSP_Lib\DSP_Lib\Source\FilteringFunctions\arm_lms_norm_init_q15.o
LOAD DSP_Lib\DSP_Lib\Source\FilteringFunctions\arm_lms_norm_init_q31.o
LOAD DSP_Lib\DSP_Lib\Source\FilteringFunctions\arm_lms_norm_q15.o
LOAD DSP_Lib\DSP_Lib\Source\FilteringFunctions\arm_lms_norm_q31.o
LOAD DSP_Lib\DSP_Lib\Source\FilteringFunctions\arm_lms_q15.o
LOAD DSP_Lib\DSP_Lib\Source\FilteringFunctions\arm_lms_q31.o
LOAD DSP_Lib\DSP_Lib\Source\MatrixFunctions\arm_mat_add_f32.o
LOAD DSP_Lib\DSP_Lib\Source\MatrixFunctions\arm_mat_add_q15.o
LOAD DSP_Lib\DSP_Lib\Source\MatrixFunctions\arm_mat_add_q31.o
LOAD DSP_Lib\DSP_Lib\Source\MatrixFunctions\arm_mat_cmplx_mult_f32.o
LOAD DSP_Lib\DSP_Lib\Source\MatrixFunctions\arm_mat_cmplx_mult_q15.o
LOAD DSP_Lib\DSP_Lib\Source\MatrixFunctions\arm_mat_cmplx_mult_q31.o
LOAD DSP_Lib\DSP_Lib\Source\MatrixFunctions\arm_mat_init_f32.o
LOAD DSP_Lib\DSP_Lib\Source\MatrixFunctions\arm_mat_init_q15.o
LOAD DSP_Lib\DSP_Lib\Source\MatrixFunctions\arm_mat_init_q31.o
LOAD DSP_Lib\DSP_Lib\Source\MatrixFunctions\arm_mat_inverse_f32.o
LOAD DSP_Lib\DSP_Lib\Source\MatrixFunctions\arm_mat_inverse_f64.o
LOAD DSP_Lib\DSP_Lib\Source\MatrixFunctions\arm_mat_mult_f32.o
LOAD DSP_Lib\DSP_Lib\Source\MatrixFunctions\arm_mat_mult_fast_q15.o
LOAD DSP_Lib\DSP_Lib\Source\MatrixFunctions\arm_mat_mult_fast_q31.o
LOAD DSP_Lib\DSP_Lib\Source\MatrixFunctions\arm_mat_mult_q15.o
LOAD DSP_Lib\DSP_Lib\Source\MatrixFunctions\arm_mat_mult_q31.o
LOAD DSP_Lib\DSP_Lib\Source\MatrixFunctions\arm_mat_scale_f32.o
LOAD DSP_Lib\DSP_Lib\Source\MatrixFunctions\arm_mat_scale_q15.o
LOAD DSP_Lib\DSP_Lib\Source\MatrixFunctions\arm_mat_scale_q31.o
LOAD DSP_Lib\DSP_Lib\Source\MatrixFunctions\arm_mat_sub_f32.o
LOAD DSP_Lib\DSP_Lib\Source\MatrixFunctions\arm_mat_sub_q15.o
LOAD DSP_Lib\DSP_Lib\Source\MatrixFunctions\arm_mat_sub_q31.o
LOAD DSP_Lib\DSP_Lib\Source\MatrixFunctions\arm_mat_trans_f32.o
LOAD DSP_Lib\DSP_Lib\Source\MatrixFunctions\arm_mat_trans_q15.o
LOAD DSP_Lib\DSP_Lib\Source\MatrixFunctions\arm_mat_trans_q31.o
LOAD DSP_Lib\DSP_Lib\Source\StatisticsFunctions\arm_max_f32.o
LOAD DSP_Lib\DSP_Lib\Source\StatisticsFunctions\arm_max_q15.o
LOAD DSP_Lib\DSP_Lib\Source\StatisticsFunctions\arm_max_q31.o
LOAD DSP_Lib\DSP_Lib\Source\StatisticsFunctions\arm_max_q7.o
LOAD DSP_Lib\DSP_Lib\Source\StatisticsFunctions\arm_mean_f32.o
LOAD DSP_Lib\DSP_Lib\Source\StatisticsFunctions\arm_mean_q15.o
LOAD DSP_Lib\DSP_Lib\Source\StatisticsFunctions\arm_mean_q31.o
LOAD DSP_Lib\DSP_Lib\Source\StatisticsFunctions\arm_mean_q7.o
LOAD DSP_Lib\DSP_Lib\Source\StatisticsFunctions\arm_min_f32.o
LOAD DSP_Lib\DSP_Lib\Source\StatisticsFunctions\arm_min_q15.o
LOAD DSP_Lib\DSP_Lib\Source\StatisticsFunctions\arm_min_q31.o
LOAD DSP_Lib\DSP_Lib\Source\StatisticsFunctions\arm_min_q7.o
LOAD DSP_Lib\DSP_Lib\Source\StatisticsFunctions\arm_power_f32.o
LOAD DSP_Lib\DSP_Lib\Source\StatisticsFunctions\arm_power_q15.o
LOAD DSP_Lib\DSP_Lib\Source\StatisticsFunctions\arm_power_q31.o
LOAD DSP_Lib\DSP_Lib\Source\StatisticsFunctions\arm_power_q7.o
LOAD DSP_Lib\DSP_Lib\Source\StatisticsFunctions\arm_rms_f32.o
LOAD DSP_Lib\DSP_Lib\Source\StatisticsFunctions\arm_rms_q15.o
LOAD DSP_Lib\DSP_Lib\Source\StatisticsFunctions\arm_rms_q31.o
LOAD DSP_Lib\DSP_Lib\Source\StatisticsFunctions\arm_std_f32.o
LOAD DSP_Lib\DSP_Lib\Source\StatisticsFunctions\arm_std_q15.o
LOAD DSP_Lib\DSP_Lib\Source\StatisticsFunctions\arm_std_q31.o
LOAD DSP_Lib\DSP_Lib\Source\StatisticsFunctions\arm_var_f32.o
LOAD DSP_Lib\DSP_Lib\Source\StatisticsFunctions\arm_var_q15.o
LOAD DSP_Lib\DSP_Lib\Source\StatisticsFunctions\arm_var_q31.o
LOAD DSP_Lib\DSP_Lib\Source\SupportFunctions\arm_copy_f32.o
LOAD DSP_Lib\DSP_Lib\Source\SupportFunctions\arm_copy_q15.o
LOAD DSP_Lib\DSP_Lib\Source\SupportFunctions\arm_copy_q31.o
LOAD DSP_Lib\DSP_Lib\Source\SupportFunctions\arm_copy_q7.o
LOAD DSP_Lib\DSP_Lib\Source\SupportFunctions\arm_fill_f32.o
LOAD DSP_Lib\DSP_Lib\Source\SupportFunctions\arm_fill_q15.o
LOAD DSP_Lib\DSP_Lib\Source\SupportFunctions\arm_fill_q31.o
LOAD DSP_Lib\DSP_Lib\Source\SupportFunctions\arm_fill_q7.o
LOAD DSP_Lib\DSP_Lib\Source\SupportFunctions\arm_float_to_q15.o
LOAD DSP_Lib\DSP_Lib\Source\SupportFunctions\arm_float_to_q31.o
LOAD DSP_Lib\DSP_Lib\Source\SupportFunctions\arm_float_to_q7.o
LOAD DSP_Lib\DSP_Lib\Source\SupportFunctions\arm_q15_to_float.o
LOAD DSP_Lib\DSP_Lib\Source\SupportFunctions\arm_q15_to_q31.o
LOAD DSP_Lib\DSP_Lib\Source\SupportFunctions\arm_q15_to_q7.o
LOAD DSP_Lib\DSP_Lib\Source\SupportFunctions\arm_q31_to_float.o
LOAD DSP_Lib\DSP_Lib\Source\SupportFunctions\arm_q31_to_q15.o
LOAD DSP_Lib\DSP_Lib\Source\SupportFunctions\arm_q31_to_q7.o
LOAD DSP_Lib\DSP_Lib\Source\SupportFunctions\arm_q7_to_float.o
LOAD DSP_Lib\DSP_Lib\Source\SupportFunctions\arm_q7_to_q15.o
LOAD DSP_Lib\DSP_Lib\Source\SupportFunctions\arm_q7_to_q31.o
LOAD DSP_Lib\DSP_Lib\Source\TransformFunctions\arm_bitreversal.o
LOAD DSP_Lib\DSP_Lib\Source\TransformFunctions\arm_bitreversal2.o
LOAD DSP_Lib\DSP_Lib\Source\TransformFunctions\arm_cfft_f32.o
LOAD DSP_Lib\DSP_Lib\Source\TransformFunctions\arm_cfft_q15.o
LOAD DSP_Lib\DSP_Lib\Source\TransformFunctions\arm_cfft_q31.o
LOAD DSP_Lib\DSP_Lib\Source\TransformFunctions\arm_cfft_radix2_f32.o
LOAD DSP_Lib\DSP_Lib\Source\TransformFunctions\arm_cfft_radix2_init_f32.o
LOAD DSP_Lib\DSP_Lib\Source\TransformFunctions\arm_cfft_radix2_init_q15.o
LOAD DSP_Lib\DSP_Lib\Source\TransformFunctions\arm_cfft_radix2_init_q31.o
LOAD DSP_Lib\DSP_Lib\Source\TransformFunctions\arm_cfft_radix2_q15.o
LOAD DSP_Lib\DSP_Lib\Source\TransformFunctions\arm_cfft_radix2_q31.o
LOAD DSP_Lib\DSP_Lib\Source\TransformFunctions\arm_cfft_radix4_f32.o
LOAD DSP_Lib\DSP_Lib\Source\TransformFunctions\arm_cfft_radix4_init_f32.o
LOAD DSP_Lib\DSP_Lib\Source\TransformFunctions\arm_cfft_radix4_init_q15.o
LOAD DSP_Lib\DSP_Lib\Source\TransformFunctions\arm_cfft_radix4_init_q31.o
LOAD DSP_Lib\DSP_Lib\Source\TransformFunctions\arm_cfft_radix4_q15.o
LOAD DSP_Lib\DSP_Lib\Source\TransformFunctions\arm_cfft_radix4_q31.o
LOAD DSP_Lib\DSP_Lib\Source\TransformFunctions\arm_cfft_radix8_f32.o
LOAD DSP_Lib\DSP_Lib\Source\TransformFunctions\arm_dct4_f32.o
LOAD DSP_Lib\DSP_Lib\Source\TransformFunctions\arm_dct4_init_f32.o
LOAD DSP_Lib\DSP_Lib\Source\TransformFunctions\arm_dct4_init_q15.o
LOAD DSP_Lib\DSP_Lib\Source\TransformFunctions\arm_dct4_init_q31.o
LOAD DSP_Lib\DSP_Lib\Source\TransformFunctions\arm_dct4_q15.o
LOAD DSP_Lib\DSP_Lib\Source\TransformFunctions\arm_dct4_q31.o
LOAD DSP_Lib\DSP_Lib\Source\TransformFunctions\arm_rfft_f32.o
LOAD DSP_Lib\DSP_Lib\Source\TransformFunctions\arm_rfft_fast_f32.o
LOAD DSP_Lib\DSP_Lib\Source\TransformFunctions\arm_rfft_fast_init_f32.o
LOAD DSP_Lib\DSP_Lib\Source\TransformFunctions\arm_rfft_init_f32.o
LOAD DSP_Lib\DSP_Lib\Source\TransformFunctions\arm_rfft_init_q15.o
LOAD DSP_Lib\DSP_Lib\Source\TransformFunctions\arm_rfft_init_q31.o
LOAD DSP_Lib\DSP_Lib\Source\TransformFunctions\arm_rfft_q15.o
LOAD DSP_Lib\DSP_Lib\Source\TransformFunctions\arm_rfft_q31.o
LOAD Drivers\STM32F4xx_HAL_Driver\stm32f4xx_hal.o
LOAD Drivers\STM32F4xx_HAL_Driver\stm32f4xx_hal_adc.o
LOAD Drivers\STM32F4xx_HAL_Driver\stm32f4xx_hal_adc_ex.o
LOAD Drivers\STM32F4xx_HAL_Driver\stm32f4xx_hal_cortex.o
LOAD Drivers\STM32F4xx_HAL_Driver\stm32f4xx_hal_dma.o
LOAD Drivers\STM32F4xx_HAL_Driver\stm32f4xx_hal_dma_ex.o
LOAD Drivers\STM32F4xx_HAL_Driver\stm32f4xx_hal_flash.o
LOAD Drivers\STM32F4xx_HAL_Driver\stm32f4xx_hal_flash_ex.o
LOAD Drivers\STM32F4xx_HAL_Driver\stm32f4xx_hal_flash_ramfunc.o
LOAD Drivers\STM32F4xx_HAL_Driver\stm32f4xx_hal_gpio.o
LOAD Drivers\STM32F4xx_HAL_Driver\stm32f4xx_hal_i2c.o
LOAD Drivers\STM32F4xx_HAL_Driver\stm32f4xx_hal_i2c_ex.o
LOAD Drivers\STM32F4xx_HAL_Driver\stm32f4xx_hal_pcd.o
LOAD Drivers\STM32F4xx_HAL_Driver\stm32f4xx_hal_pcd_ex.o
LOAD Drivers\STM32F4xx_HAL_Driver\stm32f4xx_hal_pwr.o
LOAD Drivers\STM32F4xx_HAL_Driver\stm32f4xx_hal_pwr_ex.o
LOAD Drivers\STM32F4xx_HAL_Driver\stm32f4xx_hal_rcc.o
LOAD Drivers\STM32F4xx_HAL_Driver\stm32f4xx_hal_rcc_ex.o
LOAD Drivers\STM32F4xx_HAL_Driver\stm32f4xx_hal_spi.o
LOAD Drivers\STM32F4xx_HAL_Driver\stm32f4xx_hal_tim.o
LOAD Drivers\STM32F4xx_HAL_Driver\stm32f4xx_hal_tim_ex.o
LOAD Drivers\STM32F4xx_HAL_Driver\stm32f4xx_hal_uart.o
LOAD Drivers\STM32F4xx_HAL_Driver\stm32f4xx_ll_usb.o
LOAD HiSTM\MPU6050\MPU6050.o
LOAD HiSTM\MPU6050\kalman.o
LOAD Middlewares\USB_Device_Library\usbd_cdc.o
LOAD Middlewares\USB_Device_Library\usbd_core.o
LOAD Middlewares\USB_Device_Library\usbd_ctlreq.o
LOAD Middlewares\USB_Device_Library\usbd_ioreq.o
LOAD Src\adc.o
LOAD Src\gpio.o
LOAD Src\i2c.o
LOAD Src\main.o
LOAD Src\spi.o
LOAD Src\stm32f4xx_hal_msp.o
LOAD Src\stm32f4xx_it.o
LOAD Src\system_stm32f4xx.o
LOAD Src\tim.o
LOAD Src\usart.o
LOAD Src\usb_device.o
LOAD Src\usbd_cdc_if.o
LOAD Src\usbd_conf.o
LOAD Src\usbd_desc.o
LOAD startup\startup_stm32f411xe.o
                0x00000080                malloc_getpagesize_P = 0x80
START GROUP
LOAD c:/program files (x86)/atollic/truestudio for stm32 9.0.1/armtools/bin/../lib/gcc/arm-atollic-eabi/6.3.1/../../../../arm-atollic-eabi/lib/armv7e-m/fpu\libc.a
LOAD c:/program files (x86)/atollic/truestudio for stm32 9.0.1/armtools/bin/../lib/gcc/arm-atollic-eabi/6.3.1/../../../../arm-atollic-eabi/lib/armv7e-m/fpu\libm.a
END GROUP
START GROUP
LOAD c:/program files (x86)/atollic/truestudio for stm32 9.0.1/armtools/bin/../lib/gcc/arm-atollic-eabi/6.3.1/armv7e-m/fpu\libgcc.a
LOAD c:/program files (x86)/atollic/truestudio for stm32 9.0.1/armtools/bin/../lib/gcc/arm-atollic-eabi/6.3.1/../../../../arm-atollic-eabi/lib/armv7e-m/fpu\libc.a
END GROUP
START GROUP
LOAD c:/program files (x86)/atollic/truestudio for stm32 9.0.1/armtools/bin/../lib/gcc/arm-atollic-eabi/6.3.1/armv7e-m/fpu\libgcc.a
LOAD c:/program files (x86)/atollic/truestudio for stm32 9.0.1/armtools/bin/../lib/gcc/arm-atollic-eabi/6.3.1/../../../../arm-atollic-eabi/lib/armv7e-m/fpu\libc.a
LOAD c:/program files (x86)/atollic/truestudio for stm32 9.0.1/armtools/bin/../lib/gcc/arm-atollic-eabi/6.3.1/../../../../arm-atollic-eabi/lib/armv7e-m/fpu\libnosys.a
END GROUP
LOAD c:/program files (x86)/atollic/truestudio for stm32 9.0.1/armtools/bin/../lib/gcc/arm-atollic-eabi/6.3.1/armv7e-m/fpu/crtend.o
LOAD c:/program files (x86)/atollic/truestudio for stm32 9.0.1/armtools/bin/../lib/gcc/arm-atollic-eabi/6.3.1/armv7e-m/fpu/crtn.o
                0x20020000                _estack = 0x20020000
                0x00000200                _Min_Heap_Size = 0x200
                0x00000400                _Min_Stack_Size = 0x400

.isr_vector     0x08000000      0x198
                0x08000000                . = ALIGN (0x4)
 *(.isr_vector)
 .isr_vector    0x08000000      0x198 startup\startup_stm32f411xe.o
                0x08000000                g_pfnVectors
                0x08000198                . = ALIGN (0x4)

.text           0x080001a0     0x9314
                0x080001a0                . = ALIGN (0x4)
 *(.text)
 .text          0x080001a0       0x40 c:/program files (x86)/atollic/truestudio for stm32 9.0.1/armtools/bin/../lib/gcc/arm-atollic-eabi/6.3.1/armv7e-m/fpu/crtbegin.o
 .text          0x080001e0       0x10 c:/program files (x86)/atollic/truestudio for stm32 9.0.1/armtools/bin/../lib/gcc/arm-atollic-eabi/6.3.1/../../../../arm-atollic-eabi/lib/armv7e-m/fpu\libc.a(lib_a-strlen.o)
                0x080001e0                strlen
 .text          0x080001f0       0xa0 c:/program files (x86)/atollic/truestudio for stm32 9.0.1/armtools/bin/../lib/gcc/arm-atollic-eabi/6.3.1/../../../../arm-atollic-eabi/lib/armv7e-m/fpu\libc.a(lib_a-memchr.o)
                0x080001f0                memchr
 .text          0x08000290      0x370 c:/program files (x86)/atollic/truestudio for stm32 9.0.1/armtools/bin/../lib/gcc/arm-atollic-eabi/6.3.1/armv7e-m/fpu\libgcc.a(_arm_addsubdf3.o)
                0x08000290                __aeabi_drsub
                0x08000298                __aeabi_dsub
                0x08000298                __subdf3
                0x0800029c                __aeabi_dadd
                0x0800029c                __adddf3
                0x08000514                __floatunsidf
                0x08000514                __aeabi_ui2d
                0x08000534                __floatsidf
                0x08000534                __aeabi_i2d
                0x08000558                __aeabi_f2d
                0x08000558                __extendsfdf2
                0x08000594                __floatundidf
                0x08000594                __aeabi_ul2d
                0x080005a4                __floatdidf
                0x080005a4                __aeabi_l2d
 .text          0x08000600      0x424 c:/program files (x86)/atollic/truestudio for stm32 9.0.1/armtools/bin/../lib/gcc/arm-atollic-eabi/6.3.1/armv7e-m/fpu\libgcc.a(_arm_muldivdf3.o)
                0x08000600                __aeabi_dmul
                0x08000600                __muldf3
                0x08000854                __divdf3
                0x08000854                __aeabi_ddiv
 .text          0x08000a24      0x110 c:/program files (x86)/atollic/truestudio for stm32 9.0.1/armtools/bin/../lib/gcc/arm-atollic-eabi/6.3.1/armv7e-m/fpu\libgcc.a(_arm_cmpdf2.o)
                0x08000a24                __gtdf2
                0x08000a24                __gedf2
                0x08000a2c                __ltdf2
                0x08000a2c                __ledf2
                0x08000a34                __nedf2
                0x08000a34                __eqdf2
                0x08000a34                __cmpdf2
                0x08000ab0                __aeabi_cdrcmple
                0x08000ac0                __aeabi_cdcmpeq
                0x08000ac0                __aeabi_cdcmple
                0x08000ad0                __aeabi_dcmpeq
                0x08000ae4                __aeabi_dcmplt
                0x08000af8                __aeabi_dcmple
                0x08000b0c                __aeabi_dcmpge
                0x08000b20                __aeabi_dcmpgt
 .text          0x08000b34       0x2c c:/program files (x86)/atollic/truestudio for stm32 9.0.1/armtools/bin/../lib/gcc/arm-atollic-eabi/6.3.1/armv7e-m/fpu\libgcc.a(_arm_unorddf2.o)
                0x08000b34                __unorddf2
                0x08000b34                __aeabi_dcmpun
 .text          0x08000b60       0x50 c:/program files (x86)/atollic/truestudio for stm32 9.0.1/armtools/bin/../lib/gcc/arm-atollic-eabi/6.3.1/armv7e-m/fpu\libgcc.a(_arm_fixdfsi.o)
                0x08000b60                __aeabi_d2iz
                0x08000b60                __fixdfsi
 .text          0x08000bb0       0xa0 c:/program files (x86)/atollic/truestudio for stm32 9.0.1/armtools/bin/../lib/gcc/arm-atollic-eabi/6.3.1/armv7e-m/fpu\libgcc.a(_arm_truncdfsf2.o)
                0x08000bb0                __truncdfsf2
                0x08000bb0                __aeabi_d2f
 .text          0x08000c50       0x30 c:/program files (x86)/atollic/truestudio for stm32 9.0.1/armtools/bin/../lib/gcc/arm-atollic-eabi/6.3.1/armv7e-m/fpu\libgcc.a(_aeabi_uldivmod.o)
                0x08000c50                __aeabi_uldivmod
 .text          0x08000c80      0x2dc c:/program files (x86)/atollic/truestudio for stm32 9.0.1/armtools/bin/../lib/gcc/arm-atollic-eabi/6.3.1/armv7e-m/fpu\libgcc.a(_udivmoddi4.o)
                0x08000c80                __udivmoddi4
 .text          0x08000f5c        0x4 c:/program files (x86)/atollic/truestudio for stm32 9.0.1/armtools/bin/../lib/gcc/arm-atollic-eabi/6.3.1/armv7e-m/fpu\libgcc.a(_dvmd_tls.o)
                0x08000f5c                __aeabi_idiv0
                0x08000f5c                __aeabi_ldiv0
 *(.text*)
 .text.HAL_InitTick
                0x08000f60       0x48 Drivers\STM32F4xx_HAL_Driver\stm32f4xx_hal.o
                0x08000f60                HAL_InitTick
 .text.HAL_Init
                0x08000fa8       0x34 Drivers\STM32F4xx_HAL_Driver\stm32f4xx_hal.o
                0x08000fa8                HAL_Init
 .text.HAL_IncTick
                0x08000fdc       0x18 Drivers\STM32F4xx_HAL_Driver\stm32f4xx_hal.o
                0x08000fdc                HAL_IncTick
 .text.HAL_GetTick
                0x08000ff4        0xc Drivers\STM32F4xx_HAL_Driver\stm32f4xx_hal.o
                0x08000ff4                HAL_GetTick
 .text.HAL_Delay
                0x08001000       0x28 Drivers\STM32F4xx_HAL_Driver\stm32f4xx_hal.o
                0x08001000                HAL_Delay
 .text.HAL_ADC_Init
                0x08001028      0x148 Drivers\STM32F4xx_HAL_Driver\stm32f4xx_hal_adc.o
                0x08001028                HAL_ADC_Init
 .text.HAL_ADC_ConfigChannel
                0x08001170      0x130 Drivers\STM32F4xx_HAL_Driver\stm32f4xx_hal_adc.o
                0x08001170                HAL_ADC_ConfigChannel
 .text.HAL_NVIC_SetPriorityGrouping
                0x080012a0       0x24 Drivers\STM32F4xx_HAL_Driver\stm32f4xx_hal_cortex.o
                0x080012a0                HAL_NVIC_SetPriorityGrouping
 .text.HAL_NVIC_SetPriority
                0x080012c4       0x68 Drivers\STM32F4xx_HAL_Driver\stm32f4xx_hal_cortex.o
                0x080012c4                HAL_NVIC_SetPriority
 .text.HAL_NVIC_EnableIRQ
                0x0800132c       0x18 Drivers\STM32F4xx_HAL_Driver\stm32f4xx_hal_cortex.o
                0x0800132c                HAL_NVIC_EnableIRQ
 .text.HAL_SYSTICK_Config
                0x08001344       0x2c Drivers\STM32F4xx_HAL_Driver\stm32f4xx_hal_cortex.o
                0x08001344                HAL_SYSTICK_Config
 .text.HAL_SYSTICK_CLKSourceConfig
                0x08001370       0x18 Drivers\STM32F4xx_HAL_Driver\stm32f4xx_hal_cortex.o
                0x08001370                HAL_SYSTICK_CLKSourceConfig
 .text.HAL_SYSTICK_Callback
                0x08001388        0x2 Drivers\STM32F4xx_HAL_Driver\stm32f4xx_hal_cortex.o
                0x08001388                HAL_SYSTICK_Callback
 .text.HAL_SYSTICK_IRQHandler
                0x0800138a        0x8 Drivers\STM32F4xx_HAL_Driver\stm32f4xx_hal_cortex.o
                0x0800138a                HAL_SYSTICK_IRQHandler
 .text.HAL_DMA_Abort_IT
                0x08001392       0x24 Drivers\STM32F4xx_HAL_Driver\stm32f4xx_hal_dma.o
                0x08001392                HAL_DMA_Abort_IT
 *fill*         0x080013b6        0x2 
 .text.HAL_GPIO_Init
                0x080013b8      0x1ac Drivers\STM32F4xx_HAL_Driver\stm32f4xx_hal_gpio.o
                0x080013b8                HAL_GPIO_Init
 .text.HAL_GPIO_WritePin
                0x08001564        0xa Drivers\STM32F4xx_HAL_Driver\stm32f4xx_hal_gpio.o
                0x08001564                HAL_GPIO_WritePin
 .text.I2C_IsAcknowledgeFailed
                0x0800156e       0x2a Drivers\STM32F4xx_HAL_Driver\stm32f4xx_hal_i2c.o
 .text.I2C_WaitOnMasterAddressFlagUntilTimeout
                0x08001598       0x80 Drivers\STM32F4xx_HAL_Driver\stm32f4xx_hal_i2c.o
 .text.I2C_WaitOnFlagUntilTimeout
                0x08001618       0x5c Drivers\STM32F4xx_HAL_Driver\stm32f4xx_hal_i2c.o
 .text.I2C_WaitOnTXEFlagUntilTimeout
                0x08001674       0x4c Drivers\STM32F4xx_HAL_Driver\stm32f4xx_hal_i2c.o
 .text.I2C_WaitOnRXNEFlagUntilTimeout
                0x080016c0       0x5a Drivers\STM32F4xx_HAL_Driver\stm32f4xx_hal_i2c.o
 .text.I2C_WaitOnBTFFlagUntilTimeout
                0x0800171a       0x4c Drivers\STM32F4xx_HAL_Driver\stm32f4xx_hal_i2c.o
 *fill*         0x08001766        0x2 
 .text.HAL_I2C_Init
                0x08001768       0xdc Drivers\STM32F4xx_HAL_Driver\stm32f4xx_hal_i2c.o
                0x08001768                HAL_I2C_Init
 .text.HAL_I2C_Master_Transmit
                0x08001844      0x1ac Drivers\STM32F4xx_HAL_Driver\stm32f4xx_hal_i2c.o
                0x08001844                HAL_I2C_Master_Transmit
 .text.HAL_I2C_Master_Receive
                0x080019f0      0x2ec Drivers\STM32F4xx_HAL_Driver\stm32f4xx_hal_i2c.o
                0x080019f0                HAL_I2C_Master_Receive
 .text.HAL_I2C_MasterTxCpltCallback
                0x08001cdc        0x2 Drivers\STM32F4xx_HAL_Driver\stm32f4xx_hal_i2c.o
                0x08001cdc                HAL_I2C_MasterTxCpltCallback
 .text.HAL_I2C_MasterRxCpltCallback
                0x08001cde        0x2 Drivers\STM32F4xx_HAL_Driver\stm32f4xx_hal_i2c.o
                0x08001cde                HAL_I2C_MasterRxCpltCallback
 .text.HAL_I2C_SlaveTxCpltCallback
                0x08001ce0        0x2 Drivers\STM32F4xx_HAL_Driver\stm32f4xx_hal_i2c.o
                0x08001ce0                HAL_I2C_SlaveTxCpltCallback
 .text.HAL_I2C_SlaveRxCpltCallback
                0x08001ce2        0x2 Drivers\STM32F4xx_HAL_Driver\stm32f4xx_hal_i2c.o
                0x08001ce2                HAL_I2C_SlaveRxCpltCallback
 .text.HAL_I2C_AddrCallback
                0x08001ce4        0x2 Drivers\STM32F4xx_HAL_Driver\stm32f4xx_hal_i2c.o
                0x08001ce4                HAL_I2C_AddrCallback
 .text.HAL_I2C_ListenCpltCallback
                0x08001ce6        0x2 Drivers\STM32F4xx_HAL_Driver\stm32f4xx_hal_i2c.o
                0x08001ce6                HAL_I2C_ListenCpltCallback
 .text.HAL_I2C_MemTxCpltCallback
                0x08001ce8        0x2 Drivers\STM32F4xx_HAL_Driver\stm32f4xx_hal_i2c.o
                0x08001ce8                HAL_I2C_MemTxCpltCallback
 .text.HAL_I2C_MemRxCpltCallback
                0x08001cea        0x2 Drivers\STM32F4xx_HAL_Driver\stm32f4xx_hal_i2c.o
                0x08001cea                HAL_I2C_MemRxCpltCallback
 .text.HAL_I2C_ErrorCallback
                0x08001cec        0x2 Drivers\STM32F4xx_HAL_Driver\stm32f4xx_hal_i2c.o
                0x08001cec                HAL_I2C_ErrorCallback
 .text.HAL_I2C_AbortCpltCallback
                0x08001cee        0x2 Drivers\STM32F4xx_HAL_Driver\stm32f4xx_hal_i2c.o
                0x08001cee                HAL_I2C_AbortCpltCallback
 .text.I2C_ITError
                0x08001cf0      0x128 Drivers\STM32F4xx_HAL_Driver\stm32f4xx_hal_i2c.o
 .text.HAL_I2C_EV_IRQHandler
                0x08001e18      0x6d4 Drivers\STM32F4xx_HAL_Driver\stm32f4xx_hal_i2c.o
                0x08001e18                HAL_I2C_EV_IRQHandler
 .text.HAL_I2C_ER_IRQHandler
                0x080024ec      0x134 Drivers\STM32F4xx_HAL_Driver\stm32f4xx_hal_i2c.o
                0x080024ec                HAL_I2C_ER_IRQHandler
 .text.I2C_DMAAbort
                0x08002620       0x4c Drivers\STM32F4xx_HAL_Driver\stm32f4xx_hal_i2c.o
 .text.HAL_PCD_Init
                0x0800266c       0xd8 Drivers\STM32F4xx_HAL_Driver\stm32f4xx_hal_pcd.o
                0x0800266c                HAL_PCD_Init
 .text.HAL_PCD_Start
                0x08002744       0x2a Drivers\STM32F4xx_HAL_Driver\stm32f4xx_hal_pcd.o
                0x08002744                HAL_PCD_Start
 *fill*         0x0800276e        0x2 
 .text.HAL_PCD_IRQHandler
                0x08002770      0x558 Drivers\STM32F4xx_HAL_Driver\stm32f4xx_hal_pcd.o
                0x08002770                HAL_PCD_IRQHandler
 .text.HAL_PCD_SetAddress
                0x08002cc8       0x24 Drivers\STM32F4xx_HAL_Driver\stm32f4xx_hal_pcd.o
                0x08002cc8                HAL_PCD_SetAddress
 .text.HAL_PCD_EP_Open
                0x08002cec       0x5c Drivers\STM32F4xx_HAL_Driver\stm32f4xx_hal_pcd.o
                0x08002cec                HAL_PCD_EP_Open
 .text.HAL_PCD_EP_Close
                0x08002d48       0x46 Drivers\STM32F4xx_HAL_Driver\stm32f4xx_hal_pcd.o
                0x08002d48                HAL_PCD_EP_Close
 .text.HAL_PCD_EP_Receive
                0x08002d8e       0x48 Drivers\STM32F4xx_HAL_Driver\stm32f4xx_hal_pcd.o
                0x08002d8e                HAL_PCD_EP_Receive
 .text.HAL_PCD_EP_GetRxCount
                0x08002dd6       0x10 Drivers\STM32F4xx_HAL_Driver\stm32f4xx_hal_pcd.o
                0x08002dd6                HAL_PCD_EP_GetRxCount
 .text.HAL_PCD_EP_Transmit
                0x08002de6       0x40 Drivers\STM32F4xx_HAL_Driver\stm32f4xx_hal_pcd.o
                0x08002de6                HAL_PCD_EP_Transmit
 .text.HAL_PCD_EP_SetStall
                0x08002e26       0x58 Drivers\STM32F4xx_HAL_Driver\stm32f4xx_hal_pcd.o
                0x08002e26                HAL_PCD_EP_SetStall
 .text.HAL_PCD_EP_ClrStall
                0x08002e7e       0x4a Drivers\STM32F4xx_HAL_Driver\stm32f4xx_hal_pcd.o
                0x08002e7e                HAL_PCD_EP_ClrStall
 .text.HAL_PCDEx_SetTxFiFo
                0x08002ec8       0x42 Drivers\STM32F4xx_HAL_Driver\stm32f4xx_hal_pcd_ex.o
                0x08002ec8                HAL_PCDEx_SetTxFiFo
 .text.HAL_PCDEx_SetRxFiFo
                0x08002f0a        0x8 Drivers\STM32F4xx_HAL_Driver\stm32f4xx_hal_pcd_ex.o
                0x08002f0a                HAL_PCDEx_SetRxFiFo
 *fill*         0x08002f12        0x2 
 .text.HAL_RCC_OscConfig
                0x08002f14      0x304 Drivers\STM32F4xx_HAL_Driver\stm32f4xx_hal_rcc.o
                0x08002f14                HAL_RCC_OscConfig
 .text.HAL_RCC_GetSysClockFreq
                0x08003218       0x5c Drivers\STM32F4xx_HAL_Driver\stm32f4xx_hal_rcc.o
                0x08003218                HAL_RCC_GetSysClockFreq
 .text.HAL_RCC_ClockConfig
                0x08003274      0x134 Drivers\STM32F4xx_HAL_Driver\stm32f4xx_hal_rcc.o
                0x08003274                HAL_RCC_ClockConfig
 .text.HAL_RCC_GetHCLKFreq
                0x080033a8        0xc Drivers\STM32F4xx_HAL_Driver\stm32f4xx_hal_rcc.o
                0x080033a8                HAL_RCC_GetHCLKFreq
 .text.HAL_RCC_GetPCLK1Freq
                0x080033b4       0x20 Drivers\STM32F4xx_HAL_Driver\stm32f4xx_hal_rcc.o
                0x080033b4                HAL_RCC_GetPCLK1Freq
 .text.HAL_RCC_GetPCLK2Freq
                0x080033d4       0x20 Drivers\STM32F4xx_HAL_Driver\stm32f4xx_hal_rcc.o
                0x080033d4                HAL_RCC_GetPCLK2Freq
 .text.HAL_SPI_Init
                0x080033f4       0x7a Drivers\STM32F4xx_HAL_Driver\stm32f4xx_hal_spi.o
                0x080033f4                HAL_SPI_Init
 .text.HAL_SPI_ErrorCallback
                0x0800346e        0x2 Drivers\STM32F4xx_HAL_Driver\stm32f4xx_hal_spi.o
                0x0800346e                HAL_SPI_ErrorCallback
 .text.HAL_SPI_IRQHandler
                0x08003470       0xe8 Drivers\STM32F4xx_HAL_Driver\stm32f4xx_hal_spi.o
                0x08003470                HAL_SPI_IRQHandler
 .text.SPI_DMAAbortOnError
                0x08003558       0x10 Drivers\STM32F4xx_HAL_Driver\stm32f4xx_hal_spi.o
 .text.TIM_OC1_SetConfig
                0x08003568       0x50 Drivers\STM32F4xx_HAL_Driver\stm32f4xx_hal_tim.o
 .text.TIM_OC3_SetConfig
                0x080035b8       0x54 Drivers\STM32F4xx_HAL_Driver\stm32f4xx_hal_tim.o
 .text.TIM_OC4_SetConfig
                0x0800360c       0x44 Drivers\STM32F4xx_HAL_Driver\stm32f4xx_hal_tim.o
 .text.HAL_TIM_Base_Start
                0x08003650       0x1a Drivers\STM32F4xx_HAL_Driver\stm32f4xx_hal_tim.o
                0x08003650                HAL_TIM_Base_Start
 *fill*         0x0800366a        0x2 
 .text.TIM_Base_SetConfig
                0x0800366c       0x98 Drivers\STM32F4xx_HAL_Driver\stm32f4xx_hal_tim.o
                0x0800366c                TIM_Base_SetConfig
 .text.HAL_TIM_Base_Init
                0x08003704       0x34 Drivers\STM32F4xx_HAL_Driver\stm32f4xx_hal_tim.o
                0x08003704                HAL_TIM_Base_Init
 .text.HAL_TIM_PWM_Init
                0x08003738       0x34 Drivers\STM32F4xx_HAL_Driver\stm32f4xx_hal_tim.o
                0x08003738                HAL_TIM_PWM_Init
 .text.TIM_OC2_SetConfig
                0x0800376c       0x58 Drivers\STM32F4xx_HAL_Driver\stm32f4xx_hal_tim.o
                0x0800376c                TIM_OC2_SetConfig
 .text.HAL_TIM_PWM_ConfigChannel
                0x080037c4       0xc4 Drivers\STM32F4xx_HAL_Driver\stm32f4xx_hal_tim.o
                0x080037c4                HAL_TIM_PWM_ConfigChannel
 .text.TIM_CCxChannelCmd
                0x08003888       0x18 Drivers\STM32F4xx_HAL_Driver\stm32f4xx_hal_tim.o
                0x08003888                TIM_CCxChannelCmd
 .text.HAL_TIM_PWM_Start
                0x080038a0       0x2c Drivers\STM32F4xx_HAL_Driver\stm32f4xx_hal_tim.o
                0x080038a0                HAL_TIM_PWM_Start
 .text.HAL_TIMEx_MasterConfigSynchronization
                0x080038cc       0x44 Drivers\STM32F4xx_HAL_Driver\stm32f4xx_hal_tim_ex.o
                0x080038cc                HAL_TIMEx_MasterConfigSynchronization
 .text.UART_SetConfig
                0x08003910      0x234 Drivers\STM32F4xx_HAL_Driver\stm32f4xx_hal_uart.o
 .text.HAL_UART_Init
                0x08003b44       0x5c Drivers\STM32F4xx_HAL_Driver\stm32f4xx_hal_uart.o
                0x08003b44                HAL_UART_Init
 .text.HAL_HalfDuplex_Init
                0x08003ba0       0x64 Drivers\STM32F4xx_HAL_Driver\stm32f4xx_hal_uart.o
                0x08003ba0                HAL_HalfDuplex_Init
 .text.USB_CoreInit
                0x08003c04       0x74 Drivers\STM32F4xx_HAL_Driver\stm32f4xx_ll_usb.o
                0x08003c04                USB_CoreInit
 .text.USB_EnableGlobalInt
                0x08003c78        0xc Drivers\STM32F4xx_HAL_Driver\stm32f4xx_ll_usb.o
                0x08003c78                USB_EnableGlobalInt
 .text.USB_DisableGlobalInt
                0x08003c84        0xc Drivers\STM32F4xx_HAL_Driver\stm32f4xx_ll_usb.o
                0x08003c84                USB_DisableGlobalInt
 .text.USB_SetCurrentMode
                0x08003c90       0x2e Drivers\STM32F4xx_HAL_Driver\stm32f4xx_ll_usb.o
                0x08003c90                USB_SetCurrentMode
 *fill*         0x08003cbe        0x2 
 .text.USB_DevInit
                0x08003cc0      0x138 Drivers\STM32F4xx_HAL_Driver\stm32f4xx_ll_usb.o
                0x08003cc0                USB_DevInit
 .text.USB_FlushTxFifo
                0x08003df8       0x24 Drivers\STM32F4xx_HAL_Driver\stm32f4xx_ll_usb.o
                0x08003df8                USB_FlushTxFifo
 .text.USB_FlushRxFifo
                0x08003e1c       0x20 Drivers\STM32F4xx_HAL_Driver\stm32f4xx_ll_usb.o
                0x08003e1c                USB_FlushRxFifo
 .text.USB_SetDevSpeed
                0x08003e3c        0xe Drivers\STM32F4xx_HAL_Driver\stm32f4xx_ll_usb.o
                0x08003e3c                USB_SetDevSpeed
 .text.USB_GetDevSpeed
                0x08003e4a       0x36 Drivers\STM32F4xx_HAL_Driver\stm32f4xx_ll_usb.o
                0x08003e4a                USB_GetDevSpeed
 .text.USB_ActivateEndpoint
                0x08003e80       0x7e Drivers\STM32F4xx_HAL_Driver\stm32f4xx_ll_usb.o
                0x08003e80                USB_ActivateEndpoint
 .text.USB_DeactivateEndpoint
                0x08003efe        0x4 Drivers\STM32F4xx_HAL_Driver\stm32f4xx_ll_usb.o
                0x08003efe                USB_DeactivateEndpoint
 *fill*         0x08003f02        0x2 
 .text.USB_DeactivateDedicatedEndpoint
                0x08003f04       0xb0 Drivers\STM32F4xx_HAL_Driver\stm32f4xx_ll_usb.o
                0x08003f04                USB_DeactivateDedicatedEndpoint
 .text.USB_EPStartXfer
                0x08003fb4      0x18c Drivers\STM32F4xx_HAL_Driver\stm32f4xx_ll_usb.o
                0x08003fb4                USB_EPStartXfer
 .text.USB_EP0StartXfer
                0x08004140       0xda Drivers\STM32F4xx_HAL_Driver\stm32f4xx_ll_usb.o
                0x08004140                USB_EP0StartXfer
 .text.USB_WritePacket
                0x0800421a       0x28 Drivers\STM32F4xx_HAL_Driver\stm32f4xx_ll_usb.o
                0x0800421a                USB_WritePacket
 .text.USB_ReadPacket
                0x08004242       0x1c Drivers\STM32F4xx_HAL_Driver\stm32f4xx_ll_usb.o
                0x08004242                USB_ReadPacket
 .text.USB_EPSetStall
                0x0800425e       0x3e Drivers\STM32F4xx_HAL_Driver\stm32f4xx_ll_usb.o
                0x0800425e                USB_EPSetStall
 .text.USB_EPClearStall
                0x0800429c       0x32 Drivers\STM32F4xx_HAL_Driver\stm32f4xx_ll_usb.o
                0x0800429c                USB_EPClearStall
 .text.USB_SetDevAddress
                0x080042ce       0x20 Drivers\STM32F4xx_HAL_Driver\stm32f4xx_ll_usb.o
                0x080042ce                USB_SetDevAddress
 .text.USB_DevConnect
                0x080042ee       0x18 Drivers\STM32F4xx_HAL_Driver\stm32f4xx_ll_usb.o
                0x080042ee                USB_DevConnect
 .text.USB_DevDisconnect
                0x08004306       0x18 Drivers\STM32F4xx_HAL_Driver\stm32f4xx_ll_usb.o
                0x08004306                USB_DevDisconnect
 .text.USB_ReadInterrupts
                0x0800431e        0x8 Drivers\STM32F4xx_HAL_Driver\stm32f4xx_ll_usb.o
                0x0800431e                USB_ReadInterrupts
 .text.USB_ReadDevAllOutEpInterrupt
                0x08004326       0x10 Drivers\STM32F4xx_HAL_Driver\stm32f4xx_ll_usb.o
                0x08004326                USB_ReadDevAllOutEpInterrupt
 .text.USB_ReadDevAllInEpInterrupt
                0x08004336       0x10 Drivers\STM32F4xx_HAL_Driver\stm32f4xx_ll_usb.o
                0x08004336                USB_ReadDevAllInEpInterrupt
 .text.USB_ReadDevOutEPInterrupt
                0x08004346       0x14 Drivers\STM32F4xx_HAL_Driver\stm32f4xx_ll_usb.o
                0x08004346                USB_ReadDevOutEPInterrupt
 .text.USB_ReadDevInEPInterrupt
                0x0800435a       0x20 Drivers\STM32F4xx_HAL_Driver\stm32f4xx_ll_usb.o
                0x0800435a                USB_ReadDevInEPInterrupt
 .text.USB_GetMode
                0x0800437a        0x8 Drivers\STM32F4xx_HAL_Driver\stm32f4xx_ll_usb.o
                0x0800437a                USB_GetMode
 .text.USB_ActivateSetup
                0x08004382       0x36 Drivers\STM32F4xx_HAL_Driver\stm32f4xx_ll_usb.o
                0x08004382                USB_ActivateSetup
 .text.USB_EP0_OutStart
                0x080043b8       0x46 Drivers\STM32F4xx_HAL_Driver\stm32f4xx_ll_usb.o
                0x080043b8                USB_EP0_OutStart
 *fill*         0x080043fe        0x2 
 .text.USB_CoreReset
                0x08004400       0x30 Drivers\STM32F4xx_HAL_Driver\stm32f4xx_ll_usb.o
 .text.HiSTM_MPU6050_Send_Data
                0x08004430       0x24 HiSTM\MPU6050\MPU6050.o
                0x08004430                HiSTM_MPU6050_Send_Data
 .text.HiSTM_MPU6050_Recv_Data
                0x08004454       0x38 HiSTM\MPU6050\MPU6050.o
                0x08004454                HiSTM_MPU6050_Recv_Data
 .text.HiSTM_MPU6050_Init
                0x0800448c       0x8e HiSTM\MPU6050\MPU6050.o
                0x0800448c                HiSTM_MPU6050_Init
 .text.HiSTM_MPU6050_Get_RawData
                0x0800451a       0xb0 HiSTM\MPU6050\MPU6050.o
                0x0800451a                HiSTM_MPU6050_Get_RawData
 *fill*         0x080045ca        0x2 
 .text.Kalman_Filter_X
                0x080045cc      0x154 HiSTM\MPU6050\kalman.o
                0x080045cc                Kalman_Filter_X
 .text.Kalman_Filter_Y
                0x08004720      0x154 HiSTM\MPU6050\kalman.o
                0x08004720                Kalman_Filter_Y
 *fill*         0x08004874        0x4 
 .text.Angle_Calcu
                0x08004878      0x2e8 HiSTM\MPU6050\kalman.o
                0x08004878                Angle_Calcu
 .text.USBD_CDC_DataIn
                0x08004b60       0x12 Middlewares\USB_Device_Library\usbd_cdc.o
 .text.USBD_CDC_EP0_RxReady
                0x08004b72       0x28 Middlewares\USB_Device_Library\usbd_cdc.o
 *fill*         0x08004b9a        0x2 
 .text.USBD_CDC_GetFSCfgDesc
                0x08004b9c        0xc Middlewares\USB_Device_Library\usbd_cdc.o
 .text.USBD_CDC_GetHSCfgDesc
                0x08004ba8        0xc Middlewares\USB_Device_Library\usbd_cdc.o
 .text.USBD_CDC_GetOtherSpeedCfgDesc
                0x08004bb4        0xc Middlewares\USB_Device_Library\usbd_cdc.o
 .text.USBD_CDC_GetDeviceQualifierDescriptor
                0x08004bc0        0xc Middlewares\USB_Device_Library\usbd_cdc.o
                0x08004bc0                USBD_CDC_GetDeviceQualifierDescriptor
 .text.USBD_CDC_DataOut
                0x08004bcc       0x2e Middlewares\USB_Device_Library\usbd_cdc.o
 *fill*         0x08004bfa        0x2 
 .text.USBD_CDC_Setup
                0x08004bfc       0x68 Middlewares\USB_Device_Library\usbd_cdc.o
 .text.USBD_CDC_DeInit
                0x08004c64       0x3a Middlewares\USB_Device_Library\usbd_cdc.o
 *fill*         0x08004c9e        0x2 
 .text.USBD_CDC_Init
                0x08004ca0       0x74 Middlewares\USB_Device_Library\usbd_cdc.o
 .text.USBD_CDC_RegisterInterface
                0x08004d14        0xe Middlewares\USB_Device_Library\usbd_cdc.o
                0x08004d14                USBD_CDC_RegisterInterface
 .text.USBD_CDC_SetTxBuffer
                0x08004d22       0x10 Middlewares\USB_Device_Library\usbd_cdc.o
                0x08004d22                USBD_CDC_SetTxBuffer
 .text.USBD_CDC_SetRxBuffer
                0x08004d32        0xc Middlewares\USB_Device_Library\usbd_cdc.o
                0x08004d32                USBD_CDC_SetRxBuffer
 .text.USBD_CDC_TransmitPacket
                0x08004d3e       0x2e Middlewares\USB_Device_Library\usbd_cdc.o
                0x08004d3e                USBD_CDC_TransmitPacket
 .text.USBD_CDC_ReceivePacket
                0x08004d6c       0x26 Middlewares\USB_Device_Library\usbd_cdc.o
                0x08004d6c                USBD_CDC_ReceivePacket
 .text.USBD_Init
                0x08004d92       0x2a Middlewares\USB_Device_Library\usbd_core.o
                0x08004d92                USBD_Init
 .text.USBD_RegisterClass
                0x08004dbc        0xe Middlewares\USB_Device_Library\usbd_core.o
                0x08004dbc                USBD_RegisterClass
 .text.USBD_Start
                0x08004dca        0xa Middlewares\USB_Device_Library\usbd_core.o
                0x08004dca                USBD_Start
 .text.USBD_SetClassConfig
                0x08004dd4       0x16 Middlewares\USB_Device_Library\usbd_core.o
                0x08004dd4                USBD_SetClassConfig
 .text.USBD_ClrClassConfig
                0x08004dea        0xe Middlewares\USB_Device_Library\usbd_core.o
                0x08004dea                USBD_ClrClassConfig
 .text.USBD_LL_SetupStage
                0x08004df8       0x5a Middlewares\USB_Device_Library\usbd_core.o
                0x08004df8                USBD_LL_SetupStage
 .text.USBD_LL_DataOutStage
                0x08004e52       0x64 Middlewares\USB_Device_Library\usbd_core.o
                0x08004e52                USBD_LL_DataOutStage
 .text.USBD_LL_DataInStage
                0x08004eb6       0x9e Middlewares\USB_Device_Library\usbd_core.o
                0x08004eb6                USBD_LL_DataInStage
 .text.USBD_LL_Reset
                0x08004f54       0x3e Middlewares\USB_Device_Library\usbd_core.o
                0x08004f54                USBD_LL_Reset
 .text.USBD_LL_SetSpeed
                0x08004f92        0x6 Middlewares\USB_Device_Library\usbd_core.o
                0x08004f92                USBD_LL_SetSpeed
 .text.USBD_LL_Suspend
                0x08004f98       0x12 Middlewares\USB_Device_Library\usbd_core.o
                0x08004f98                USBD_LL_Suspend
 .text.USBD_LL_Resume
                0x08004faa        0xc Middlewares\USB_Device_Library\usbd_core.o
                0x08004faa                USBD_LL_Resume
 .text.USBD_LL_SOF
                0x08004fb6       0x18 Middlewares\USB_Device_Library\usbd_core.o
                0x08004fb6                USBD_LL_SOF
 .text.USBD_LL_IsoINIncomplete
                0x08004fce        0x4 Middlewares\USB_Device_Library\usbd_core.o
                0x08004fce                USBD_LL_IsoINIncomplete
 .text.USBD_LL_IsoOUTIncomplete
                0x08004fd2        0x4 Middlewares\USB_Device_Library\usbd_core.o
                0x08004fd2                USBD_LL_IsoOUTIncomplete
 .text.USBD_LL_DevConnected
                0x08004fd6        0x4 Middlewares\USB_Device_Library\usbd_core.o
                0x08004fd6                USBD_LL_DevConnected
 .text.USBD_LL_DevDisconnected
                0x08004fda       0x16 Middlewares\USB_Device_Library\usbd_core.o
                0x08004fda                USBD_LL_DevDisconnected
 .text.USBD_CtlError.constprop.0
                0x08004ff0       0x16 Middlewares\USB_Device_Library\usbd_ctlreq.o
 *fill*         0x08005006        0x2 
 .text.USBD_StdDevReq
                0x08005008      0x1f4 Middlewares\USB_Device_Library\usbd_ctlreq.o
                0x08005008                USBD_StdDevReq
 .text.USBD_StdItfReq
                0x080051fc       0x30 Middlewares\USB_Device_Library\usbd_ctlreq.o
                0x080051fc                USBD_StdItfReq
 .text.USBD_StdEPReq
                0x0800522c       0xc6 Middlewares\USB_Device_Library\usbd_ctlreq.o
                0x0800522c                USBD_StdEPReq
 .text.USBD_ParseSetupRequest
                0x080052f2       0x28 Middlewares\USB_Device_Library\usbd_ctlreq.o
                0x080052f2                USBD_ParseSetupRequest
 .text.USBD_GetString
                0x0800531a       0x38 Middlewares\USB_Device_Library\usbd_ctlreq.o
                0x0800531a                USBD_GetString
 .text.USBD_CtlSendData
                0x08005352       0x1a Middlewares\USB_Device_Library\usbd_ioreq.o
                0x08005352                USBD_CtlSendData
 .text.USBD_CtlContinueSendData
                0x0800536c       0x10 Middlewares\USB_Device_Library\usbd_ioreq.o
                0x0800536c                USBD_CtlContinueSendData
 .text.USBD_CtlPrepareRx
                0x0800537c       0x1e Middlewares\USB_Device_Library\usbd_ioreq.o
                0x0800537c                USBD_CtlPrepareRx
 .text.USBD_CtlContinueRx
                0x0800539a       0x10 Middlewares\USB_Device_Library\usbd_ioreq.o
                0x0800539a                USBD_CtlContinueRx
 .text.USBD_CtlSendStatus
                0x080053aa       0x16 Middlewares\USB_Device_Library\usbd_ioreq.o
                0x080053aa                USBD_CtlSendStatus
 .text.USBD_CtlReceiveStatus
                0x080053c0       0x16 Middlewares\USB_Device_Library\usbd_ioreq.o
                0x080053c0                USBD_CtlReceiveStatus
 *fill*         0x080053d6        0x2 
 .text.MX_ADC1_Init
                0x080053d8       0x68 Src\adc.o
                0x080053d8                MX_ADC1_Init
 .text.HAL_ADC_MspInit
                0x08005440       0x44 Src\adc.o
                0x08005440                HAL_ADC_MspInit
 .text.MX_GPIO_Init
                0x08005484      0x118 Src\gpio.o
                0x08005484                MX_GPIO_Init
 .text.MX_I2C1_Init
                0x0800559c       0x44 Src\i2c.o
                0x0800559c                MX_I2C1_Init
 .text.MX_I2C3_Init
                0x080055e0       0x48 Src\i2c.o
                0x080055e0                MX_I2C3_Init
 .text.HAL_I2C_MspInit
                0x08005628       0xd0 Src\i2c.o
                0x08005628                HAL_I2C_MspInit
 .text.SystemClock_Config
                0x080056f8       0xa8 Src\main.o
                0x080056f8                SystemClock_Config
 .text.startup.main
                0x080057a0      0x108 Src\main.o
                0x080057a0                main
 .text._Error_Handler
                0x080058a8        0x2 Src\main.o
                0x080058a8                _Error_Handler
 *fill*         0x080058aa        0x2 
 .text.MX_SPI1_Init
                0x080058ac       0x4c Src\spi.o
                0x080058ac                MX_SPI1_Init
 .text.MX_SPI2_Init
                0x080058f8       0x4c Src\spi.o
                0x080058f8                MX_SPI2_Init
 .text.MX_SPI3_Init
                0x08005944       0x4c Src\spi.o
                0x08005944                MX_SPI3_Init
 .text.HAL_SPI_MspInit
                0x08005990      0x128 Src\spi.o
                0x08005990                HAL_SPI_MspInit
 .text.HAL_MspInit
                0x08005ab8       0x60 Src\stm32f4xx_hal_msp.o
                0x08005ab8                HAL_MspInit
 .text.NMI_Handler
                0x08005b18        0x2 Src\stm32f4xx_it.o
                0x08005b18                NMI_Handler
 .text.HardFault_Handler
                0x08005b1a        0x2 Src\stm32f4xx_it.o
                0x08005b1a                HardFault_Handler
 .text.MemManage_Handler
                0x08005b1c        0x2 Src\stm32f4xx_it.o
                0x08005b1c                MemManage_Handler
 .text.BusFault_Handler
                0x08005b1e        0x2 Src\stm32f4xx_it.o
                0x08005b1e                BusFault_Handler
 .text.UsageFault_Handler
                0x08005b20        0x2 Src\stm32f4xx_it.o
                0x08005b20                UsageFault_Handler
 .text.SVC_Handler
                0x08005b22        0x2 Src\stm32f4xx_it.o
                0x08005b22                SVC_Handler
 .text.DebugMon_Handler
                0x08005b24        0x2 Src\stm32f4xx_it.o
                0x08005b24                DebugMon_Handler
 .text.PendSV_Handler
                0x08005b26        0x2 Src\stm32f4xx_it.o
                0x08005b26                PendSV_Handler
 .text.SysTick_Handler
                0x08005b28        0xe Src\stm32f4xx_it.o
                0x08005b28                SysTick_Handler
 *fill*         0x08005b36        0x2 
 .text.I2C1_EV_IRQHandler
                0x08005b38        0xc Src\stm32f4xx_it.o
                0x08005b38                I2C1_EV_IRQHandler
 .text.I2C1_ER_IRQHandler
                0x08005b44        0xc Src\stm32f4xx_it.o
                0x08005b44                I2C1_ER_IRQHandler
 .text.SPI3_IRQHandler
                0x08005b50        0xc Src\stm32f4xx_it.o
                0x08005b50                SPI3_IRQHandler
 .text.OTG_FS_IRQHandler
                0x08005b5c        0xc Src\stm32f4xx_it.o
                0x08005b5c                OTG_FS_IRQHandler
 .text.SystemInit
                0x08005b68       0x4c Src\system_stm32f4xx.o
                0x08005b68                SystemInit
 .text.HAL_TIM_PWM_MspInit
                0x08005bb4       0x2c Src\tim.o
                0x08005bb4                HAL_TIM_PWM_MspInit
 .text.HAL_TIM_Base_MspInit
                0x08005be0       0x30 Src\tim.o
                0x08005be0                HAL_TIM_Base_MspInit
 .text.HAL_TIM_MspPostInit
                0x08005c10       0x68 Src\tim.o
                0x08005c10                HAL_TIM_MspPostInit
 .text.MX_TIM2_Init
                0x08005c78       0xb0 Src\tim.o
                0x08005c78                MX_TIM2_Init
 .text.MX_TIM10_Init
                0x08005d28       0x70 Src\tim.o
                0x08005d28                MX_TIM10_Init
 .text.MX_USART1_UART_Init
                0x08005d98       0x40 Src\usart.o
                0x08005d98                MX_USART1_UART_Init
 .text.MX_USART6_UART_Init
                0x08005dd8       0x40 Src\usart.o
                0x08005dd8                MX_USART6_UART_Init
 .text.HAL_UART_MspInit
                0x08005e18       0x94 Src\usart.o
                0x08005e18                HAL_UART_MspInit
 .text.MX_USB_DEVICE_Init
                0x08005eac       0x38 Src\usb_device.o
                0x08005eac                MX_USB_DEVICE_Init
 .text.CDC_DeInit_FS
                0x08005ee4        0x4 Src\usbd_cdc_if.o
 .text.CDC_Control_FS
                0x08005ee8        0x4 Src\usbd_cdc_if.o
 .text.CDC_Receive_FS
                0x08005eec       0x1c Src\usbd_cdc_if.o
 .text.CDC_Init_FS
                0x08005f08       0x28 Src\usbd_cdc_if.o
 .text.CDC_Transmit_FS
                0x08005f30       0x2c Src\usbd_cdc_if.o
                0x08005f30                CDC_Transmit_FS
 .text.HAL_PCD_MspInit
                0x08005f5c       0x64 Src\usbd_conf.o
                0x08005f5c                HAL_PCD_MspInit
 .text.HAL_PCD_SetupStageCallback
                0x08005fc0        0xc Src\usbd_conf.o
                0x08005fc0                HAL_PCD_SetupStageCallback
 .text.HAL_PCD_DataOutStageCallback
                0x08005fcc       0x12 Src\usbd_conf.o
                0x08005fcc                HAL_PCD_DataOutStageCallback
 .text.HAL_PCD_DataInStageCallback
                0x08005fde       0x10 Src\usbd_conf.o
                0x08005fde                HAL_PCD_DataInStageCallback
 .text.HAL_PCD_SOFCallback
                0x08005fee        0x8 Src\usbd_conf.o
                0x08005fee                HAL_PCD_SOFCallback
 .text.HAL_PCD_ResetCallback
                0x08005ff6       0x20 Src\usbd_conf.o
                0x08005ff6                HAL_PCD_ResetCallback
 *fill*         0x08006016        0x2 
 .text.HAL_PCD_SuspendCallback
                0x08006018       0x30 Src\usbd_conf.o
                0x08006018                HAL_PCD_SuspendCallback
 .text.HAL_PCD_ResumeCallback
                0x08006048        0x8 Src\usbd_conf.o
                0x08006048                HAL_PCD_ResumeCallback
 .text.HAL_PCD_ISOOUTIncompleteCallback
                0x08006050        0x8 Src\usbd_conf.o
                0x08006050                HAL_PCD_ISOOUTIncompleteCallback
 .text.HAL_PCD_ISOINIncompleteCallback
                0x08006058        0x8 Src\usbd_conf.o
                0x08006058                HAL_PCD_ISOINIncompleteCallback
 .text.HAL_PCD_ConnectCallback
                0x08006060        0x8 Src\usbd_conf.o
                0x08006060                HAL_PCD_ConnectCallback
 .text.HAL_PCD_DisconnectCallback
                0x08006068        0x8 Src\usbd_conf.o
                0x08006068                HAL_PCD_DisconnectCallback
 .text.USBD_LL_Init
                0x08006070       0x68 Src\usbd_conf.o
                0x08006070                USBD_LL_Init
 .text.USBD_LL_Start
                0x080060d8       0x1c Src\usbd_conf.o
                0x080060d8                USBD_LL_Start
 .text.USBD_LL_OpenEP
                0x080060f4       0x20 Src\usbd_conf.o
                0x080060f4                USBD_LL_OpenEP
 .text.USBD_LL_CloseEP
                0x08006114       0x1c Src\usbd_conf.o
                0x08006114                USBD_LL_CloseEP
 .text.USBD_LL_StallEP
                0x08006130       0x1c Src\usbd_conf.o
                0x08006130                USBD_LL_StallEP
 .text.USBD_LL_ClearStallEP
                0x0800614c       0x1c Src\usbd_conf.o
                0x0800614c                USBD_LL_ClearStallEP
 .text.USBD_LL_IsStallEP
                0x08006168       0x26 Src\usbd_conf.o
                0x08006168                USBD_LL_IsStallEP
 *fill*         0x0800618e        0x2 
 .text.USBD_LL_SetUSBAddress
                0x08006190       0x1c Src\usbd_conf.o
                0x08006190                USBD_LL_SetUSBAddress
 .text.USBD_LL_Transmit
                0x080061ac       0x1c Src\usbd_conf.o
                0x080061ac                USBD_LL_Transmit
 .text.USBD_LL_PrepareReceive
                0x080061c8       0x1c Src\usbd_conf.o
                0x080061c8                USBD_LL_PrepareReceive
 .text.USBD_LL_GetRxDataSize
                0x080061e4        0xc Src\usbd_conf.o
                0x080061e4                USBD_LL_GetRxDataSize
 .text.USBD_FS_DeviceDescriptor
                0x080061f0        0xc Src\usbd_desc.o
                0x080061f0                USBD_FS_DeviceDescriptor
 .text.USBD_FS_LangIDStrDescriptor
                0x080061fc        0xc Src\usbd_desc.o
                0x080061fc                USBD_FS_LangIDStrDescriptor
 .text.USBD_FS_ManufacturerStrDescriptor
                0x08006208       0x1c Src\usbd_desc.o
                0x08006208                USBD_FS_ManufacturerStrDescriptor
 .text.USBD_FS_ProductStrDescriptor
                0x08006224       0x1c Src\usbd_desc.o
                0x08006224                USBD_FS_ProductStrDescriptor
 .text.USBD_FS_SerialStrDescriptor
                0x08006240       0x1c Src\usbd_desc.o
                0x08006240                USBD_FS_SerialStrDescriptor
 .text.USBD_FS_ConfigStrDescriptor
                0x0800625c       0x1c Src\usbd_desc.o
                0x0800625c                USBD_FS_ConfigStrDescriptor
 .text.USBD_FS_InterfaceStrDescriptor
                0x08006278       0x1c Src\usbd_desc.o
                0x08006278                USBD_FS_InterfaceStrDescriptor
 .text.Reset_Handler
                0x08006294       0x50 startup\startup_stm32f411xe.o
                0x08006294                Reset_Handler
 .text.Default_Handler
                0x080062e4        0x2 startup\startup_stm32f411xe.o
                0x080062e4                RTC_Alarm_IRQHandler
                0x080062e4                EXTI2_IRQHandler
                0x080062e4                SPI4_IRQHandler
                0x080062e4                TIM1_CC_IRQHandler
                0x080062e4                DMA2_Stream5_IRQHandler
                0x080062e4                DMA1_Stream5_IRQHandler
                0x080062e4                PVD_IRQHandler
                0x080062e4                SDIO_IRQHandler
                0x080062e4                TAMP_STAMP_IRQHandler
                0x080062e4                EXTI3_IRQHandler
                0x080062e4                TIM1_UP_TIM10_IRQHandler
                0x080062e4                I2C3_ER_IRQHandler
                0x080062e4                EXTI0_IRQHandler
                0x080062e4                I2C2_EV_IRQHandler
                0x080062e4                DMA1_Stream2_IRQHandler
                0x080062e4                FPU_IRQHandler
                0x080062e4                DMA2_Stream2_IRQHandler
                0x080062e4                SPI1_IRQHandler
                0x080062e4                TIM1_BRK_TIM9_IRQHandler
                0x080062e4                DMA2_Stream3_IRQHandler
                0x080062e4                USART6_IRQHandler
                0x080062e4                DMA2_Stream0_IRQHandler
                0x080062e4                TIM4_IRQHandler
                0x080062e4                DMA1_Stream6_IRQHandler
                0x080062e4                DMA1_Stream1_IRQHandler
                0x080062e4                TIM3_IRQHandler
                0x080062e4                RCC_IRQHandler
                0x080062e4                Default_Handler
                0x080062e4                EXTI15_10_IRQHandler
                0x080062e4                ADC_IRQHandler
                0x080062e4                DMA1_Stream7_IRQHandler
                0x080062e4                SPI5_IRQHandler
                0x080062e4                TIM5_IRQHandler
                0x080062e4                DMA2_Stream7_IRQHandler
                0x080062e4                I2C3_EV_IRQHandler
                0x080062e4                EXTI9_5_IRQHandler
                0x080062e4                RTC_WKUP_IRQHandler
                0x080062e4                SPI2_IRQHandler
                0x080062e4                DMA1_Stream0_IRQHandler
                0x080062e4                EXTI4_IRQHandler
                0x080062e4                WWDG_IRQHandler
                0x080062e4                TIM2_IRQHandler
                0x080062e4                OTG_FS_WKUP_IRQHandler
                0x080062e4                TIM1_TRG_COM_TIM11_IRQHandler
                0x080062e4                EXTI1_IRQHandler
                0x080062e4                USART2_IRQHandler
                0x080062e4                I2C2_ER_IRQHandler
                0x080062e4                DMA2_Stream1_IRQHandler
                0x080062e4                FLASH_IRQHandler
                0x080062e4                DMA2_Stream4_IRQHandler
                0x080062e4                USART1_IRQHandler
                0x080062e4                DMA1_Stream4_IRQHandler
                0x080062e4                DMA2_Stream6_IRQHandler
                0x080062e4                DMA1_Stream3_IRQHandler
 *fill*         0x080062e6        0x2 
 .text.__libc_init_array
                0x080062e8       0x48 c:/program files (x86)/atollic/truestudio for stm32 9.0.1/armtools/bin/../lib/gcc/arm-atollic-eabi/6.3.1/../../../../arm-atollic-eabi/lib/armv7e-m/fpu\libc.a(lib_a-init.o)
                0x080062e8                __libc_init_array
 .text.malloc   0x08006330       0x10 c:/program files (x86)/atollic/truestudio for stm32 9.0.1/armtools/bin/../lib/gcc/arm-atollic-eabi/6.3.1/../../../../arm-atollic-eabi/lib/armv7e-m/fpu\libc.a(lib_a-malloc.o)
                0x08006330                malloc
 .text.free     0x08006340       0x10 c:/program files (x86)/atollic/truestudio for stm32 9.0.1/armtools/bin/../lib/gcc/arm-atollic-eabi/6.3.1/../../../../arm-atollic-eabi/lib/armv7e-m/fpu\libc.a(lib_a-malloc.o)
                0x08006340                free
 .text._malloc_r
                0x08006350      0x41c c:/program files (x86)/atollic/truestudio for stm32 9.0.1/armtools/bin/../lib/gcc/arm-atollic-eabi/6.3.1/../../../../arm-atollic-eabi/lib/armv7e-m/fpu\libc.a(lib_a-mallocr.o)
                0x08006350                _malloc_r
 .text.memset   0x0800676c       0x10 c:/program files (x86)/atollic/truestudio for stm32 9.0.1/armtools/bin/../lib/gcc/arm-atollic-eabi/6.3.1/../../../../arm-atollic-eabi/lib/armv7e-m/fpu\libc.a(lib_a-memset.o)
                0x0800676c                memset
 .text.__malloc_lock
                0x0800677c        0xc c:/program files (x86)/atollic/truestudio for stm32 9.0.1/armtools/bin/../lib/gcc/arm-atollic-eabi/6.3.1/../../../../arm-atollic-eabi/lib/armv7e-m/fpu\libc.a(lib_a-mlock.o)
                0x0800677c                __malloc_lock
 .text.__malloc_unlock
                0x08006788        0xc c:/program files (x86)/atollic/truestudio for stm32 9.0.1/armtools/bin/../lib/gcc/arm-atollic-eabi/6.3.1/../../../../arm-atollic-eabi/lib/armv7e-m/fpu\libc.a(lib_a-mlock.o)
                0x08006788                __malloc_unlock
 .text._sbrk_r  0x08006794       0x20 c:/program files (x86)/atollic/truestudio for stm32 9.0.1/armtools/bin/../lib/gcc/arm-atollic-eabi/6.3.1/../../../../arm-atollic-eabi/lib/armv7e-m/fpu\libc.a(lib_a-sbrkr.o)
                0x08006794                _sbrk_r
 .text.sprintf  0x080067b4       0x48 c:/program files (x86)/atollic/truestudio for stm32 9.0.1/armtools/bin/../lib/gcc/arm-atollic-eabi/6.3.1/../../../../arm-atollic-eabi/lib/armv7e-m/fpu\libc.a(lib_a-sprintf.o)
                0x080067b4                sprintf
 *fill*         0x080067fc        0x4 
 .text._svfprintf_r
                0x08006800      0xfa8 c:/program files (x86)/atollic/truestudio for stm32 9.0.1/armtools/bin/../lib/gcc/arm-atollic-eabi/6.3.1/../../../../arm-atollic-eabi/lib/armv7e-m/fpu\libc.a(lib_a-svfprintf.o)
                0x08006800                _svfprintf_r
 .text.quorem   0x080077a8      0x118 c:/program files (x86)/atollic/truestudio for stm32 9.0.1/armtools/bin/../lib/gcc/arm-atollic-eabi/6.3.1/../../../../arm-atollic-eabi/lib/armv7e-m/fpu\libc.a(lib_a-dtoa.o)
 .text._dtoa_r  0x080078c0      0xb9c c:/program files (x86)/atollic/truestudio for stm32 9.0.1/armtools/bin/../lib/gcc/arm-atollic-eabi/6.3.1/../../../../arm-atollic-eabi/lib/armv7e-m/fpu\libc.a(lib_a-dtoa.o)
                0x080078c0                _dtoa_r
 .text._malloc_trim_r
                0x0800845c       0xac c:/program files (x86)/atollic/truestudio for stm32 9.0.1/armtools/bin/../lib/gcc/arm-atollic-eabi/6.3.1/../../../../arm-atollic-eabi/lib/armv7e-m/fpu\libc.a(lib_a-freer.o)
                0x0800845c                _malloc_trim_r
 .text._free_r  0x08008508      0x178 c:/program files (x86)/atollic/truestudio for stm32 9.0.1/armtools/bin/../lib/gcc/arm-atollic-eabi/6.3.1/../../../../arm-atollic-eabi/lib/armv7e-m/fpu\libc.a(lib_a-freer.o)
                0x08008508                _free_r
 .text._localeconv_r
                0x08008680       0x1c c:/program files (x86)/atollic/truestudio for stm32 9.0.1/armtools/bin/../lib/gcc/arm-atollic-eabi/6.3.1/../../../../arm-atollic-eabi/lib/armv7e-m/fpu\libc.a(lib_a-localeconv.o)
                0x08008680                _localeconv_r
 .text.__retarget_lock_acquire_recursive
                0x0800869c        0x2 c:/program files (x86)/atollic/truestudio for stm32 9.0.1/armtools/bin/../lib/gcc/arm-atollic-eabi/6.3.1/../../../../arm-atollic-eabi/lib/armv7e-m/fpu\libc.a(lib_a-lock.o)
                0x0800869c                __retarget_lock_acquire_recursive
 .text.__retarget_lock_release_recursive
                0x0800869e        0x2 c:/program files (x86)/atollic/truestudio for stm32 9.0.1/armtools/bin/../lib/gcc/arm-atollic-eabi/6.3.1/../../../../arm-atollic-eabi/lib/armv7e-m/fpu\libc.a(lib_a-lock.o)
                0x0800869e                __retarget_lock_release_recursive
 .text.memcpy   0x080086a0       0x16 c:/program files (x86)/atollic/truestudio for stm32 9.0.1/armtools/bin/../lib/gcc/arm-atollic-eabi/6.3.1/../../../../arm-atollic-eabi/lib/armv7e-m/fpu\libc.a(lib_a-memcpy-stub.o)
                0x080086a0                memcpy
 .text._Balloc  0x080086b6       0x68 c:/program files (x86)/atollic/truestudio for stm32 9.0.1/armtools/bin/../lib/gcc/arm-atollic-eabi/6.3.1/../../../../arm-atollic-eabi/lib/armv7e-m/fpu\libc.a(lib_a-mprec.o)
                0x080086b6                _Balloc
 .text._Bfree   0x0800871e       0x2e c:/program files (x86)/atollic/truestudio for stm32 9.0.1/armtools/bin/../lib/gcc/arm-atollic-eabi/6.3.1/../../../../arm-atollic-eabi/lib/armv7e-m/fpu\libc.a(lib_a-mprec.o)
                0x0800871e                _Bfree
 .text.__multadd
                0x0800874c       0x76 c:/program files (x86)/atollic/truestudio for stm32 9.0.1/armtools/bin/../lib/gcc/arm-atollic-eabi/6.3.1/../../../../arm-atollic-eabi/lib/armv7e-m/fpu\libc.a(lib_a-mprec.o)
                0x0800874c                __multadd
 .text.__hi0bits
                0x080087c2       0x3e c:/program files (x86)/atollic/truestudio for stm32 9.0.1/armtools/bin/../lib/gcc/arm-atollic-eabi/6.3.1/../../../../arm-atollic-eabi/lib/armv7e-m/fpu\libc.a(lib_a-mprec.o)
                0x080087c2                __hi0bits
 .text.__lo0bits
                0x08008800       0x5e c:/program files (x86)/atollic/truestudio for stm32 9.0.1/armtools/bin/../lib/gcc/arm-atollic-eabi/6.3.1/../../../../arm-atollic-eabi/lib/armv7e-m/fpu\libc.a(lib_a-mprec.o)
                0x08008800                __lo0bits
 .text.__i2b    0x0800885e       0x12 c:/program files (x86)/atollic/truestudio for stm32 9.0.1/armtools/bin/../lib/gcc/arm-atollic-eabi/6.3.1/../../../../arm-atollic-eabi/lib/armv7e-m/fpu\libc.a(lib_a-mprec.o)
                0x0800885e                __i2b
 .text.__multiply
                0x08008870      0x11a c:/program files (x86)/atollic/truestudio for stm32 9.0.1/armtools/bin/../lib/gcc/arm-atollic-eabi/6.3.1/../../../../arm-atollic-eabi/lib/armv7e-m/fpu\libc.a(lib_a-mprec.o)
                0x08008870                __multiply
 *fill*         0x0800898a        0x2 
 .text.__pow5mult
                0x0800898c       0x9c c:/program files (x86)/atollic/truestudio for stm32 9.0.1/armtools/bin/../lib/gcc/arm-atollic-eabi/6.3.1/../../../../arm-atollic-eabi/lib/armv7e-m/fpu\libc.a(lib_a-mprec.o)
                0x0800898c                __pow5mult
 .text.__lshift
                0x08008a28       0xa2 c:/program files (x86)/atollic/truestudio for stm32 9.0.1/armtools/bin/../lib/gcc/arm-atollic-eabi/6.3.1/../../../../arm-atollic-eabi/lib/armv7e-m/fpu\libc.a(lib_a-mprec.o)
                0x08008a28                __lshift
 .text.__mcmp   0x08008aca       0x34 c:/program files (x86)/atollic/truestudio for stm32 9.0.1/armtools/bin/../lib/gcc/arm-atollic-eabi/6.3.1/../../../../arm-atollic-eabi/lib/armv7e-m/fpu\libc.a(lib_a-mprec.o)
                0x08008aca                __mcmp
 .text.__mdiff  0x08008afe       0xbc c:/program files (x86)/atollic/truestudio for stm32 9.0.1/armtools/bin/../lib/gcc/arm-atollic-eabi/6.3.1/../../../../arm-atollic-eabi/lib/armv7e-m/fpu\libc.a(lib_a-mprec.o)
                0x08008afe                __mdiff
 .text.__d2b    0x08008bba       0x9e c:/program files (x86)/atollic/truestudio for stm32 9.0.1/armtools/bin/../lib/gcc/arm-atollic-eabi/6.3.1/../../../../arm-atollic-eabi/lib/armv7e-m/fpu\libc.a(lib_a-mprec.o)
                0x08008bba                __d2b
 .text.__ssprint_r
                0x08008c58       0xf4 c:/program files (x86)/atollic/truestudio for stm32 9.0.1/armtools/bin/../lib/gcc/arm-atollic-eabi/6.3.1/../../../../arm-atollic-eabi/lib/armv7e-m/fpu\libc.a(lib_a-svfiprintf.o)
                0x08008c58                __ssprint_r
 .text._calloc_r
                0x08008d4c       0x5a c:/program files (x86)/atollic/truestudio for stm32 9.0.1/armtools/bin/../lib/gcc/arm-atollic-eabi/6.3.1/../../../../arm-atollic-eabi/lib/armv7e-m/fpu\libc.a(lib_a-callocr.o)
                0x08008d4c                _calloc_r
 .text.__ascii_mbtowc
                0x08008da6       0x24 c:/program files (x86)/atollic/truestudio for stm32 9.0.1/armtools/bin/../lib/gcc/arm-atollic-eabi/6.3.1/../../../../arm-atollic-eabi/lib/armv7e-m/fpu\libc.a(lib_a-mbtowc_r.o)
                0x08008da6                __ascii_mbtowc
 .text.memmove  0x08008dca       0x34 c:/program files (x86)/atollic/truestudio for stm32 9.0.1/armtools/bin/../lib/gcc/arm-atollic-eabi/6.3.1/../../../../arm-atollic-eabi/lib/armv7e-m/fpu\libc.a(lib_a-memmove.o)
                0x08008dca                memmove
 *fill*         0x08008dfe        0x2 
 .text._realloc_r
                0x08008e00      0x300 c:/program files (x86)/atollic/truestudio for stm32 9.0.1/armtools/bin/../lib/gcc/arm-atollic-eabi/6.3.1/../../../../arm-atollic-eabi/lib/armv7e-m/fpu\libc.a(lib_a-reallocr.o)
                0x08008e00                _realloc_r
 .text.__ascii_wctomb
                0x08009100       0x1a c:/program files (x86)/atollic/truestudio for stm32 9.0.1/armtools/bin/../lib/gcc/arm-atollic-eabi/6.3.1/../../../../arm-atollic-eabi/lib/armv7e-m/fpu\libc.a(lib_a-wctomb_r.o)
                0x08009100                __ascii_wctomb
 *fill*         0x0800911a        0x6 
 .text.atan     0x08009120      0x350 c:/program files (x86)/atollic/truestudio for stm32 9.0.1/armtools/bin/../lib/gcc/arm-atollic-eabi/6.3.1/../../../../arm-atollic-eabi/lib/armv7e-m/fpu\libm.a(lib_a-s_atan.o)
                0x08009120                atan
 .text.fabs     0x08009470        0xe c:/program files (x86)/atollic/truestudio for stm32 9.0.1/armtools/bin/../lib/gcc/arm-atollic-eabi/6.3.1/../../../../arm-atollic-eabi/lib/armv7e-m/fpu\libm.a(lib_a-s_fabs.o)
                0x08009470                fabs
 *fill*         0x0800947e        0x2 
 .text._sbrk    0x08009480       0x1c c:/program files (x86)/atollic/truestudio for stm32 9.0.1/armtools/bin/../lib/gcc/arm-atollic-eabi/6.3.1/../../../../arm-atollic-eabi/lib/armv7e-m/fpu\libnosys.a(sbrk.o)
                0x08009480                _sbrk
 *(.glue_7)
 .glue_7        0x0800949c        0x0 linker stubs
 *(.glue_7t)
 .glue_7t       0x0800949c        0x0 linker stubs
 *(.eh_frame)
 .eh_frame      0x0800949c        0x0 c:/program files (x86)/atollic/truestudio for stm32 9.0.1/armtools/bin/../lib/gcc/arm-atollic-eabi/6.3.1/armv7e-m/fpu/crtbegin.o
 *(.init)
 .init          0x0800949c        0x4 c:/program files (x86)/atollic/truestudio for stm32 9.0.1/armtools/bin/../lib/gcc/arm-atollic-eabi/6.3.1/armv7e-m/fpu/crti.o
                0x0800949c                _init
 .init          0x080094a0        0x8 c:/program files (x86)/atollic/truestudio for stm32 9.0.1/armtools/bin/../lib/gcc/arm-atollic-eabi/6.3.1/armv7e-m/fpu/crtn.o
 *(.fini)
 .fini          0x080094a8        0x4 c:/program files (x86)/atollic/truestudio for stm32 9.0.1/armtools/bin/../lib/gcc/arm-atollic-eabi/6.3.1/armv7e-m/fpu/crti.o
                0x080094a8                _fini
 .fini          0x080094ac        0x8 c:/program files (x86)/atollic/truestudio for stm32 9.0.1/armtools/bin/../lib/gcc/arm-atollic-eabi/6.3.1/armv7e-m/fpu/crtn.o
                0x080094b4                . = ALIGN (0x4)
                0x080094b4                _etext = .

.vfp11_veneer   0x080094b4        0x0
 .vfp11_veneer  0x080094b4        0x0 linker stubs

.v4_bx          0x080094b4        0x0
 .v4_bx         0x080094b4        0x0 linker stubs

.iplt           0x080094b4        0x0
 .iplt          0x080094b4        0x0 c:/program files (x86)/atollic/truestudio for stm32 9.0.1/armtools/bin/../lib/gcc/arm-atollic-eabi/6.3.1/armv7e-m/fpu/crtbegin.o

.rodata         0x080094b8      0x370
                0x080094b8                . = ALIGN (0x4)
 *(.rodata)
 *(.rodata*)
 .rodata.MX_ADC1_Init.str1.1
                0x080094b8        0xd Src\adc.o
 .rodata.MX_I2C1_Init.str1.1
                0x080094c5        0xd Src\i2c.o
 .rodata.main.str1.1
                0x080094d2       0x13 Src\main.o
 .rodata.MX_SPI1_Init.str1.1
                0x080094e5        0xd Src\spi.o
 .rodata.AHBPrescTable
                0x080094f2       0x10 Src\system_stm32f4xx.o
                0x080094f2                AHBPrescTable
 .rodata.APBPrescTable
                0x08009502        0x8 Src\system_stm32f4xx.o
                0x08009502                APBPrescTable
 .rodata.MX_TIM2_Init.str1.1
                0x0800950a        0xd Src\tim.o
 .rodata.MX_USART1_UART_Init.str1.1
                0x08009517        0xf Src\usart.o
 .rodata.CSWTCH.39
                0x08009526        0x4 Src\usbd_conf.o
 .rodata.USBD_LL_Init.str1.1
                0x0800952a       0x13 Src\usbd_conf.o
 .rodata.USBD_FS_ConfigStrDescriptor.str1.1
                0x0800953d        0xb Src\usbd_desc.o
 .rodata.USBD_FS_InterfaceStrDescriptor.str1.1
                0x08009548        0xe Src\usbd_desc.o
 .rodata.USBD_FS_ManufacturerStrDescriptor.str1.1
                0x08009556        0xa Src\usbd_desc.o
 .rodata.USBD_FS_ProductStrDescriptor.str1.1
                0x08009560       0x11 Src\usbd_desc.o
 .rodata.USBD_FS_SerialStrDescriptor.str1.1
                0x08009571        0xd Src\usbd_desc.o
 .rodata._svfprintf_r.str1.1
                0x0800957e       0x34 c:/program files (x86)/atollic/truestudio for stm32 9.0.1/armtools/bin/../lib/gcc/arm-atollic-eabi/6.3.1/../../../../arm-atollic-eabi/lib/armv7e-m/fpu\libc.a(lib_a-svfprintf.o)
 .rodata.blanks.8359
                0x080095b2       0x10 c:/program files (x86)/atollic/truestudio for stm32 9.0.1/armtools/bin/../lib/gcc/arm-atollic-eabi/6.3.1/../../../../arm-atollic-eabi/lib/armv7e-m/fpu\libc.a(lib_a-svfprintf.o)
 .rodata.zeroes.8360
                0x080095c2       0x10 c:/program files (x86)/atollic/truestudio for stm32 9.0.1/armtools/bin/../lib/gcc/arm-atollic-eabi/6.3.1/../../../../arm-atollic-eabi/lib/armv7e-m/fpu\libc.a(lib_a-svfprintf.o)
 .rodata._dtoa_r.str1.1
                0x080095d2        0xd c:/program files (x86)/atollic/truestudio for stm32 9.0.1/armtools/bin/../lib/gcc/arm-atollic-eabi/6.3.1/../../../../arm-atollic-eabi/lib/armv7e-m/fpu\libc.a(lib_a-dtoa.o)
                                  0xf (size before relaxing)
 *fill*         0x080095df        0x1 
 .rodata.__mprec_bigtens
                0x080095e0       0x28 c:/program files (x86)/atollic/truestudio for stm32 9.0.1/armtools/bin/../lib/gcc/arm-atollic-eabi/6.3.1/../../../../arm-atollic-eabi/lib/armv7e-m/fpu\libc.a(lib_a-mprec.o)
                0x080095e0                __mprec_bigtens
 .rodata.__mprec_tens
                0x08009608       0xc8 c:/program files (x86)/atollic/truestudio for stm32 9.0.1/armtools/bin/../lib/gcc/arm-atollic-eabi/6.3.1/../../../../arm-atollic-eabi/lib/armv7e-m/fpu\libc.a(lib_a-mprec.o)
                0x08009608                __mprec_tens
 .rodata.p05.7196
                0x080096d0        0xc c:/program files (x86)/atollic/truestudio for stm32 9.0.1/armtools/bin/../lib/gcc/arm-atollic-eabi/6.3.1/../../../../arm-atollic-eabi/lib/armv7e-m/fpu\libc.a(lib_a-mprec.o)
 .rodata._setlocale_r.str1.1
                0x080096dc        0x8 c:/program files (x86)/atollic/truestudio for stm32 9.0.1/armtools/bin/../lib/gcc/arm-atollic-eabi/6.3.1/../../../../arm-atollic-eabi/lib/armv7e-m/fpu\libc.a(lib_a-locale.o)
                                  0x9 (size before relaxing)
 .rodata.str1.1
                0x080096e4        0x2 c:/program files (x86)/atollic/truestudio for stm32 9.0.1/armtools/bin/../lib/gcc/arm-atollic-eabi/6.3.1/../../../../arm-atollic-eabi/lib/armv7e-m/fpu\libc.a(lib_a-locale.o)
 .rodata._ctype_
                0x080096e6      0x101 c:/program files (x86)/atollic/truestudio for stm32 9.0.1/armtools/bin/../lib/gcc/arm-atollic-eabi/6.3.1/../../../../arm-atollic-eabi/lib/armv7e-m/fpu\libc.a(lib_a-ctype_.o)
                0x080096e6                _ctype_
 *fill*         0x080097e7        0x1 
 .rodata.atanhi
                0x080097e8       0x20 c:/program files (x86)/atollic/truestudio for stm32 9.0.1/armtools/bin/../lib/gcc/arm-atollic-eabi/6.3.1/../../../../arm-atollic-eabi/lib/armv7e-m/fpu\libm.a(lib_a-s_atan.o)
 .rodata.atanlo
                0x08009808       0x20 c:/program files (x86)/atollic/truestudio for stm32 9.0.1/armtools/bin/../lib/gcc/arm-atollic-eabi/6.3.1/../../../../arm-atollic-eabi/lib/armv7e-m/fpu\libm.a(lib_a-s_atan.o)
                0x08009828                . = ALIGN (0x4)

.ARM.extab
 *(.ARM.extab* .gnu.linkonce.armextab.*)

.ARM            0x08009828        0x8
                0x08009828                __exidx_start = .
 *(.ARM.exidx*)
 .ARM.exidx     0x08009828        0x8 c:/program files (x86)/atollic/truestudio for stm32 9.0.1/armtools/bin/../lib/gcc/arm-atollic-eabi/6.3.1/armv7e-m/fpu\libgcc.a(_udivmoddi4.o)
                0x08009830                __exidx_end = .

.rel.dyn        0x08009830        0x0
 .rel.iplt      0x08009830        0x0 c:/program files (x86)/atollic/truestudio for stm32 9.0.1/armtools/bin/../lib/gcc/arm-atollic-eabi/6.3.1/armv7e-m/fpu/crtbegin.o

.preinit_array  0x08009830        0x0
                0x08009830                PROVIDE (__preinit_array_start, .)
 *(.preinit_array*)
                0x08009830                PROVIDE (__preinit_array_end, .)

.init_array     0x08009830        0x4
                0x08009830                PROVIDE (__init_array_start, .)
 *(SORT(.init_array.*))
 *(.init_array*)
 .init_array    0x08009830        0x4 c:/program files (x86)/atollic/truestudio for stm32 9.0.1/armtools/bin/../lib/gcc/arm-atollic-eabi/6.3.1/armv7e-m/fpu/crtbegin.o
                0x08009834                PROVIDE (__init_array_end, .)

.fini_array     0x08009834        0x4
                [!provide]                PROVIDE (__fini_array_start, .)
 *(SORT(.fini_array.*))
 *(.fini_array*)
 .fini_array    0x08009834        0x4 c:/program files (x86)/atollic/truestudio for stm32 9.0.1/armtools/bin/../lib/gcc/arm-atollic-eabi/6.3.1/armv7e-m/fpu/crtbegin.o
                [!provide]                PROVIDE (__fini_array_end, .)
                0x08009838                _sidata = LOADADDR (.data)

.data           0x20000000      0x7f4 load address 0x08009838
                0x20000000                . = ALIGN (0x4)
                0x20000000                _sdata = .
 *(.data)
 *(.data*)
 .data.uwTickFreq
                0x20000000        0x1 Drivers\STM32F4xx_HAL_Driver\stm32f4xx_hal.o
                0x20000000                uwTickFreq
 *fill*         0x20000001        0x3 
 .data.uwTickPrio
                0x20000004        0x4 Drivers\STM32F4xx_HAL_Driver\stm32f4xx_hal.o
                0x20000004                uwTickPrio
 .data.C_0      0x20000008        0x1 HiSTM\MPU6050\kalman.o
                0x20000008                C_0
 *fill*         0x20000009        0x3 
 .data.PP       0x2000000c       0x10 HiSTM\MPU6050\kalman.o
                0x2000000c                PP
 .data.Q_angle  0x2000001c        0x4 HiSTM\MPU6050\kalman.o
                0x2000001c                Q_angle
 .data.Q_gyro   0x20000020        0x4 HiSTM\MPU6050\kalman.o
                0x20000020                Q_gyro
 .data.R_angle  0x20000024        0x4 HiSTM\MPU6050\kalman.o
                0x20000024                R_angle
 .data.dt       0x20000028        0x4 HiSTM\MPU6050\kalman.o
                0x20000028                dt
 .data.USBD_CDC
                0x2000002c       0x38 Middlewares\USB_Device_Library\usbd_cdc.o
                0x2000002c                USBD_CDC
 .data.USBD_CDC_CfgFSDesc
                0x20000064       0x43 Middlewares\USB_Device_Library\usbd_cdc.o
                0x20000064                USBD_CDC_CfgFSDesc
 *fill*         0x200000a7        0x1 
 .data.USBD_CDC_CfgHSDesc
                0x200000a8       0x43 Middlewares\USB_Device_Library\usbd_cdc.o
                0x200000a8                USBD_CDC_CfgHSDesc
 *fill*         0x200000eb        0x1 
 .data.USBD_CDC_DeviceQualifierDesc
                0x200000ec        0xa Middlewares\USB_Device_Library\usbd_cdc.o
 *fill*         0x200000f6        0x2 
 .data.USBD_CDC_OtherSpeedCfgDesc
                0x200000f8       0x43 Middlewares\USB_Device_Library\usbd_cdc.o
                0x200000f8                USBD_CDC_OtherSpeedCfgDesc
 *fill*         0x2000013b        0x1 
 .data.SystemCoreClock
                0x2000013c        0x4 Src\system_stm32f4xx.o
                0x2000013c                SystemCoreClock
 .data.USBD_Interface_fops_FS
                0x20000140       0x10 Src\usbd_cdc_if.o
                0x20000140                USBD_Interface_fops_FS
 .data.FS_Desc  0x20000150       0x1c Src\usbd_desc.o
                0x20000150                FS_Desc
 .data.USBD_FS_DeviceDesc
                0x2000016c       0x12 Src\usbd_desc.o
                0x2000016c                USBD_FS_DeviceDesc
 *fill*         0x2000017e        0x2 
 .data.USBD_LangIDDesc
                0x20000180        0x4 Src\usbd_desc.o
                0x20000180                USBD_LangIDDesc
 .data.__malloc_av_
                0x20000184      0x408 c:/program files (x86)/atollic/truestudio for stm32 9.0.1/armtools/bin/../lib/gcc/arm-atollic-eabi/6.3.1/../../../../arm-atollic-eabi/lib/armv7e-m/fpu\libc.a(lib_a-mallocr.o)
                0x20000184                __malloc_av_
 .data.__malloc_sbrk_base
                0x2000058c        0x4 c:/program files (x86)/atollic/truestudio for stm32 9.0.1/armtools/bin/../lib/gcc/arm-atollic-eabi/6.3.1/../../../../arm-atollic-eabi/lib/armv7e-m/fpu\libc.a(lib_a-mallocr.o)
                0x2000058c                __malloc_sbrk_base
 .data.__malloc_trim_threshold
                0x20000590        0x4 c:/program files (x86)/atollic/truestudio for stm32 9.0.1/armtools/bin/../lib/gcc/arm-atollic-eabi/6.3.1/../../../../arm-atollic-eabi/lib/armv7e-m/fpu\libc.a(lib_a-mallocr.o)
                0x20000590                __malloc_trim_threshold
 .data._impure_ptr
                0x20000594        0x4 c:/program files (x86)/atollic/truestudio for stm32 9.0.1/armtools/bin/../lib/gcc/arm-atollic-eabi/6.3.1/../../../../arm-atollic-eabi/lib/armv7e-m/fpu\libc.a(lib_a-impure.o)
                0x20000594                _impure_ptr
 .data.impure_data
                0x20000598       0xf0 c:/program files (x86)/atollic/truestudio for stm32 9.0.1/armtools/bin/../lib/gcc/arm-atollic-eabi/6.3.1/../../../../arm-atollic-eabi/lib/armv7e-m/fpu\libc.a(lib_a-impure.o)
 .data.__global_locale
                0x20000688      0x16c c:/program files (x86)/atollic/truestudio for stm32 9.0.1/armtools/bin/../lib/gcc/arm-atollic-eabi/6.3.1/../../../../arm-atollic-eabi/lib/armv7e-m/fpu\libc.a(lib_a-locale.o)
                0x20000688                __global_locale
                0x200007f4                . = ALIGN (0x4)
                0x200007f4                _edata = .

.igot.plt       0x200007f4        0x0 load address 0x0800a02c
 .igot.plt      0x200007f4        0x0 c:/program files (x86)/atollic/truestudio for stm32 9.0.1/armtools/bin/../lib/gcc/arm-atollic-eabi/6.3.1/armv7e-m/fpu/crtbegin.o
                0x200007f4                . = ALIGN (0x4)

.bss            0x200007f4     0x20cc load address 0x0800a02c
                0x200007f4                _sbss = .
                0x200007f4                __bss_start__ = _sbss
 *(.bss)
 .bss           0x200007f4       0x1c c:/program files (x86)/atollic/truestudio for stm32 9.0.1/armtools/bin/../lib/gcc/arm-atollic-eabi/6.3.1/armv7e-m/fpu/crtbegin.o
 *(.bss*)
 .bss.Pdot      0x20000810       0x10 HiSTM\MPU6050\kalman.o
                0x20000810                Pdot
 .bss.ifalt.10297
                0x20000820        0x1 Middlewares\USB_Device_Library\usbd_cdc.o
 .bss.cfgidx.10301
                0x20000821        0x1 Middlewares\USB_Device_Library\usbd_ctlreq.o
 *fill*         0x20000822        0x2 
 .bss.__malloc_current_mallinfo
                0x20000824       0x28 c:/program files (x86)/atollic/truestudio for stm32 9.0.1/armtools/bin/../lib/gcc/arm-atollic-eabi/6.3.1/../../../../arm-atollic-eabi/lib/armv7e-m/fpu\libc.a(lib_a-mallocr.o)
                0x20000824                __malloc_current_mallinfo
 .bss.__malloc_max_sbrked_mem
                0x2000084c        0x4 c:/program files (x86)/atollic/truestudio for stm32 9.0.1/armtools/bin/../lib/gcc/arm-atollic-eabi/6.3.1/../../../../arm-atollic-eabi/lib/armv7e-m/fpu\libc.a(lib_a-mallocr.o)
                0x2000084c                __malloc_max_sbrked_mem
 .bss.__malloc_max_total_mem
                0x20000850        0x4 c:/program files (x86)/atollic/truestudio for stm32 9.0.1/armtools/bin/../lib/gcc/arm-atollic-eabi/6.3.1/../../../../arm-atollic-eabi/lib/armv7e-m/fpu\libc.a(lib_a-mallocr.o)
                0x20000850                __malloc_max_total_mem
 .bss.__malloc_top_pad
                0x20000854        0x4 c:/program files (x86)/atollic/truestudio for stm32 9.0.1/armtools/bin/../lib/gcc/arm-atollic-eabi/6.3.1/../../../../arm-atollic-eabi/lib/armv7e-m/fpu\libc.a(lib_a-mallocr.o)
                0x20000854                __malloc_top_pad
 .bss.heap_end.5239
                0x20000858        0x4 c:/program files (x86)/atollic/truestudio for stm32 9.0.1/armtools/bin/../lib/gcc/arm-atollic-eabi/6.3.1/../../../../arm-atollic-eabi/lib/armv7e-m/fpu\libnosys.a(sbrk.o)
 *(COMMON)
 COMMON         0x2000085c        0x4 Drivers\STM32F4xx_HAL_Driver\stm32f4xx_hal.o
                0x2000085c                uwTick
 COMMON         0x20000860       0x4c HiSTM\MPU6050\kalman.o
                0x20000860                Accel_z
                0x20000864                Q_bias
                0x20000868                t_1
                0x2000086c                Angle_x_temp
                0x20000870                Gyro_x
                0x20000874                t_0
                0x20000878                Gyro_z
                0x2000087c                Accel_y
                0x20000880                PCt_0
                0x20000884                Accel_x
                0x20000888                Angle_X_Final
                0x2000088c                PCt_1
                0x20000890                Angle_err
                0x20000894                Angle_y_temp
                0x20000898                K_1
                0x2000089c                E
                0x200008a0                Gyro_y
                0x200008a4                Angle_Y_Final
                0x200008a8                K_0
 COMMON         0x200008ac      0x500 Middlewares\USB_Device_Library\usbd_cdc.o
                0x200008ac                USBD_CDC_temp