usbd_cdc.c:666:17:USBD_CDC_DataIn	0	static
usbd_cdc.c:720:17:USBD_CDC_EP0_RxReady	8	static
usbd_cdc.c:742:18:USBD_CDC_GetFSCfgDesc	0	static
usbd_cdc.c:755:18:USBD_CDC_GetHSCfgDesc	0	static
usbd_cdc.c:768:18:USBD_CDC_GetOtherSpeedCfgDesc	0	static
usbd_cdc.c:780:11:USBD_CDC_GetDeviceQualifierDescriptor	0	static
usbd_cdc.c:690:17:USBD_CDC_DataOut	16	static
usbd_cdc.c:601:17:USBD_CDC_Setup	24	static
usbd_cdc.c:565:17:USBD_CDC_DeInit	8	static
usbd_cdc.c:477:17:USBD_CDC_Init	16	static
usbd_cdc.c:792:10:USBD_CDC_RegisterInterface	0	static
usbd_cdc.c:812:10:USBD_CDC_SetTxBuffer	0	static
usbd_cdc.c:831:10:USBD_CDC_SetRxBuffer	0	static
usbd_cdc.c:848:10:USBD_CDC_TransmitPacket	8	static
usbd_cdc.c:885:10:USBD_CDC_ReceivePacket	8	static
