stm32f4xx_it.c:54:6:NMI_Handler	0	static
stm32f4xx_it.c:67:6:HardFault_Handler	0	static
stm32f4xx_it.c:85:6:MemManage_Handler	0	static
stm32f4xx_it.c:103:6:BusFault_Handler	0	static
stm32f4xx_it.c:121:6:UsageFault_Handler	0	static
stm32f4xx_it.c:139:6:SVC_Handler	0	static
stm32f4xx_it.c:152:6:DebugMon_Handler	0	static
stm32f4xx_it.c:165:6:PendSV_Handler	0	static
stm32f4xx_it.c:178:6:SysTick_Handler	8	static
stm32f4xx_it.c:200:6:I2C1_EV_IRQHandler	0	static
stm32f4xx_it.c:214:6:I2C1_ER_IRQHandler	0	static
stm32f4xx_it.c:228:6:SPI3_IRQHandler	0	static
stm32f4xx_it.c:242:6:OTG_FS_IRQHandler	0	static
